[23:35:18] [main/INFO]: Loading Minecraft 1.21.11 with Fabric Loader 0.19.3
[23:35:18] [main/INFO]: Fabric is preparing JARs on first launch, this may take a few seconds...
[23:35:18] [main/WARN]: Warnings were found!
 - Mod 'Debugify' (debugify) 1.21.11+1.1 recommends any version of modmenu, which is missing!
	 - You should install any version of modmenu for the optimal experience.
[23:35:18] [main/INFO]: Loading 106 mods:
	- fabric-client-gametest-api-v1 4.3.5+bfe9fcf43e
	- fabricloader 0.19.3
	   \-- mixinextras 0.5.4
	- freedomclient 0.1.0
	   |-- c2me 0.4.0-alpha.0.27+1.21.11
	   |    |-- c2me-base 0.4.0-alpha.0.27+1.21.11
	   |    |-- c2me-client-uncapvd 0.4.0-alpha.0.27+1.21.11
	   |    |-- c2me-fixes-chunkio-threading-issues 0.4.0-alpha.0.27+1.21.11
	   |    |-- c2me-fixes-general-threading-issues 0.4.0-alpha.0.27+1.21.11
	   |    |-- c2me-fixes-worldgen-threading-issues 0.4.0-alpha.0.27+1.21.11
	   |    |-- c2me-fixes-worldgen-vanilla-bugs 0.4.0-alpha.0.27+1.21.11
	   |    |-- c2me-notickvd 0.4.0-alpha.0.27+1.21.11
	   |    |-- c2me-opts-allocs 0.4.0-alpha.0.27+1.21.11
	   |    |-- c2me-opts-chunkio 0.4.0-alpha.0.27+1.21.11
	   |    |-- c2me-opts-dfc 0.4.0-alpha.0.27+1.21.11
	   |    |-- c2me-opts-math 0.4.0-alpha.0.27+1.21.11
	   |    |-- c2me-opts-scheduling 0.4.0-alpha.0.27+1.21.11
	   |    |-- c2me-opts-worldgen-general 0.4.0-alpha.0.27+1.21.11
	   |    |-- c2me-opts-worldgen-vanilla 0.4.0-alpha.0.27+1.21.11
	   |    |-- c2me-rewrites-chunk-serializer 0.4.0-alpha.0.27+1.21.11
	   |    |-- c2me-rewrites-chunk-system 0.4.0-alpha.0.27+1.21.11
	   |    |-- c2me-rewrites-chunkio 0.4.0-alpha.0.27+1.21.11
	   |    |-- c2me-server-utils 0.4.0-alpha.0.27+1.21.11
	   |    |-- c2me-threading-lighting 0.4.0-alpha.0.27+1.21.11
	   |    |-- com_electronwill_night-config_core 3.6.5
	   |    |-- com_electronwill_night-config_toml 3.6.5
	   |    |-- com_github_ben-manes_caffeine_caffeine 3.2.1
	   |    |-- com_ibm_async_asyncutil 0.1.0
	   |    |-- io_reactivex_rxjava3_rxjava 3.1.12
	   |    |-- mixinsquared 0.3.7-beta.1
	   |    |-- net_objecthunter_exp4j 0.4.8
	   |    |-- org_jctools_jctools-core 4.0.5
	   |    \-- org_reactivestreams_reactive-streams 1.0.4
	   |-- cloth-config 21.11.153
	   |    \-- cloth-basic-math 0.6.1
	   |-- continuity 3.0.1-beta.1+1.21.11
	   |-- debugify 1.21.11+1.1
	   |-- fabric-api 0.141.6+1.21.11
	   |    |-- fabric-api-base 1.0.5+4ebb5c083e
	   |    |-- fabric-api-lookup-api-v1 1.6.114+20dc27073e
	   |    |-- fabric-biome-api-v1 17.1.1+4fc5413f3e
	   |    |-- fabric-block-api-v1 1.1.10+4ebb5c083e
	   |    |-- fabric-block-view-api-v2 1.0.39+4ebb5c083e
	   |    |-- fabric-command-api-v2 2.4.7+6b42a6003e
	   |    |-- fabric-content-registries-v0 10.2.14+4fc5413f3e
	   |    |-- fabric-convention-tags-v1 2.1.55+7f945d5b3e
	   |    |-- fabric-convention-tags-v2 2.17.3+8ef948ba3e
	   |    |-- fabric-crash-report-info-v1 0.3.23+4ebb5c083e
	   |    |-- fabric-data-attachment-api-v1 1.8.48+eed0806f3e
	   |    |-- fabric-data-generation-api-v1 23.5.0+88d7da613e
	   |    |-- fabric-dimensions-v1 4.0.28+4fc5413f3e
	   |    |-- fabric-entity-events-v1 3.1.1+1d0ab4303e
	   |    |-- fabric-events-interaction-v0 4.1.1+3b89ecf63e
	   |    |-- fabric-game-rule-api-v1 2.0.3+4fc5413f3e
	   |    |-- fabric-item-api-v1 11.6.0+67f17bb43e
	   |    |-- fabric-item-group-api-v1 4.2.36+4fc5413f3e
	   |    |-- fabric-key-binding-api-v1 1.1.7+4fc5413f3e
	   |    |-- fabric-lifecycle-events-v1 2.6.15+4ebb5c083e
	   |    |-- fabric-loot-api-v2 3.0.73+3f89f5a53e
	   |    |-- fabric-loot-api-v3 2.0.20+78c8b4663e
	   |    |-- fabric-message-api-v1 6.1.12+4ebb5c083e
	   |    |-- fabric-model-loading-api-v1 6.0.15+4fc5413f3e
	   |    |-- fabric-networking-api-v1 5.1.6+6b6d71a53e
	   |    |-- fabric-object-builder-api-v1 21.1.40+4fc5413f3e
	   |    |-- fabric-particles-v1 4.2.12+4fc5413f3e
	   |    |-- fabric-recipe-api-v1 8.2.4+4ebb5c083e
	   |    |-- fabric-registry-sync-v0 6.2.6+1718722b3e
	   |    |-- fabric-renderer-api-v1 8.0.3+f4ffd2e53e
	   |    |-- fabric-renderer-indigo 5.0.3+f4ffd2e53e
	   |    |-- fabric-rendering-fluids-v1 3.1.43+4ebb5c083e
	   |    |-- fabric-rendering-v1 16.2.10+0290ad933e
	   |    |-- fabric-resource-conditions-api-v1 5.0.35+4fc5413f3e
	   |    |-- fabric-resource-loader-v0 3.3.4+4fc5413f3e
	   |    |-- fabric-resource-loader-v1 1.0.10+78c8b4663e
	   |    |-- fabric-screen-api-v1 3.1.7+4ebb5c083e
	   |    |-- fabric-screen-handler-api-v1 1.3.162+4fc5413f3e
	   |    |-- fabric-serialization-api-v1 1.0.5+4ebb5c083e
	   |    |-- fabric-sound-api-v1 1.0.51+4fc5413f3e
	   |    |-- fabric-tag-api-v1 1.3.0+88d7da613e
	   |    |-- fabric-transfer-api-v1 6.0.25+4fc5413f3e
	   |    \-- fabric-transitive-access-wideners-v1 7.1.0+014c8cec3e
	   |-- fastipping 1.0.12
	   |-- ferritecore 8.2.0
	   |-- immediatelyfast 1.14.3+1.21.11
	   |    \-- net_lenni0451_reflect 1.6.2
	   |-- javazoom_jlayer 1.0.1
	   |-- krypton 0.2.10
	   |    \-- com_velocitypowered_velocity-native 3.4.0-SNAPSHOT
	   |-- lithium 0.21.4+mc1.21.11
	   |-- moreculling 1.6.2
	   |    \-- conditional-mixin 0.6.3
	   |-- mousetweaks 2.30
	   |-- sodium 0.8.14+mc1.21.11
	   |-- sodium-extra 0.9.4+mc1.21.11
	   \-- yet_another_config_lib_v3 3.8.2+1.21.11-fabric
	        |-- com_twelvemonkeys_common_common-image 3.12.0
	        |-- com_twelvemonkeys_common_common-io 3.12.0
	        |-- com_twelvemonkeys_common_common-lang 3.12.0
	        |-- com_twelvemonkeys_imageio_imageio-core 3.12.0
	        |-- com_twelvemonkeys_imageio_imageio-metadata 3.12.0
	        |-- com_twelvemonkeys_imageio_imageio-webp 3.12.0
	        |-- org_quiltmc_parsers_gson 0.2.1
	        \-- org_quiltmc_parsers_json 0.2.1
	- freedomclient-test 1.0.0
	- java 21
	- minecraft 1.21.11
[23:35:18] [main/INFO]: SpongePowered MIXIN Subsystem Version=0.8.7 Source=file:/home/runner/.gradle/caches/modules-2/files-2.1/net.fabricmc/sponge-mixin/0.17.3+mixin.0.8.7/41c4a3984a80f4679e759fb9f495587acc5cdac7/sponge-mixin-0.17.3+mixin.0.8.7.jar Service=Knot/Fabric Env=CLIENT
[23:35:18] [main/INFO]: Compatibility level set to JAVA_16
[23:35:18] [main/INFO]: Compatibility level set to JAVA_21
[23:35:18] [main/INFO]: Initializing com.ishland.c2me.base.mixin
[23:35:18] [main/INFO]: Updating config from 0 to 1
[23:35:18] [main/INFO]: Updating config from 1 to 2
[23:35:18] [main/INFO]: Updating config from 2 to 3
[23:35:19] [main/INFO]: CPU name: AMD EPYC 7763 64-Core Processor
[23:35:19] [main/INFO]: Detected 2 available physical CPUs, 4 available logical CPUs
[23:35:19] [main/INFO]: Detected 2 available physical CPUs, 4 available logical CPUs
[23:35:19] [main/INFO]: Global Executor Parallelism: 1 configured, 1 evaluated, 1 default evaluated
[23:35:19] [main/INFO]: Initializing com.ishland.c2me.client.uncapvd.mixin
[23:35:19] [main/INFO]: Initializing com.ishland.c2me.fixes.chunkio.threading_issues.mixin
[23:35:19] [main/INFO]: Initializing com.ishland.c2me.fixes.general.threading_issues.mixin
[23:35:19] [main/INFO]: Initializing com.ishland.c2me.fixes.worldgen.threading_issues.mixin
[23:35:19] [main/INFO]: Initializing com.ishland.c2me.fixes.worldgen.vanilla_bugs.mixin
[23:35:19] [main/INFO]: Initializing com.ishland.c2me.notickvd.mixin
[23:35:19] [main/INFO]: Initializing com.ishland.c2me.opts.allocs.mixin
[23:35:19] [main/INFO]: Initializing com.ishland.c2me.opts.chunkio.mixin
[23:35:19] [main/INFO]: Initializing com.ishland.c2me.opts.dfc.mixin
[23:35:19] [main/INFO]: Initializing com.ishland.c2me.opts.math.mixin
[23:35:19] [main/INFO]: Initializing com.ishland.c2me.opts.scheduling.mixin
[23:35:19] [main/INFO]: Initializing com.ishland.c2me.opts.worldgen.general.mixin
[23:35:19] [main/INFO]: Initializing com.ishland.c2me.opts.worldgen.vanilla.mixin
[23:35:19] [main/INFO]: Initializing com.ishland.c2me.rewrites.chunk_serializer.mixin
[23:35:19] [main/INFO]: Disabling com.ishland.c2me.rewrites.chunk_serializer.mixin
[23:35:19] [main/INFO]: Initializing com.ishland.c2me.rewrites.chunksystem.mixin
[23:35:19] [main/INFO]: Initializing com.ishland.c2me.rewrites.chunkio.mixin
[23:35:19] [main/INFO]: Initializing com.ishland.c2me.server.utils.mixin
[23:35:19] [main/INFO]: Initializing com.ishland.c2me.threading.lighting.mixin
[23:35:19] [main/INFO]: Loaded configuration file for Lithium: 171 options available, 0 override(s) found.
[23:35:19] [main/WARN]: Reference map 'moreculling.refmap.json' for moreculling.mixins.json could not be read. If this is a development environment you can ignore this message
[23:35:19] [main/WARN]: Reference map 'moreculling.refmap.json' for moreculling.fabric.mixins.json could not be read. If this is a development environment you can ignore this message
[23:35:19] [main/INFO]: Loaded configuration file for Sodium: 36 options available, 0 override(s) found
[23:35:19] [main/INFO]: Loaded configuration file for Sodium Extra: 26 options available, 0 override(s) found
[23:35:19] [main/WARN]: Reference map 'sodium-extra.refmap.json' for sodium-extra.mixins.json could not be read. If this is a development environment you can ignore this message
[23:35:19] [main/WARN]: Reference map 'yet_another_config_lib_v3.refmap.json' for yacl.mixins.json could not be read. If this is a development environment you can ignore this message
[23:35:19] [main/WARN]: Reference map 'yet_another_config_lib_v3.refmap.json' for yacl-fabric.mixins.json could not be read. If this is a development environment you can ignore this message
[23:35:19] [main/WARN]: Error loading class: net/vulkanmod/config/option/Options (java.lang.ClassNotFoundException: net/vulkanmod/config/option/Options)
[23:35:19] [main/WARN]: Error loading class: ca/spottedleaf/starlight/common/integration/v0/ChunkSystemHooks (java.lang.ClassNotFoundException: ca/spottedleaf/starlight/common/integration/v0/ChunkSystemHooks)
[23:35:19] [main/WARN]: @Mixin target ca/spottedleaf/starlight/common/integration/v0/ChunkSystemHooks was not found c2me-rewrites-chunk-system.mixins.json:scalablelux.MixinChunkSystemHooks from mod c2me-rewrites-chunk-system
[23:35:19] [main/WARN]: Error loading class: ca/spottedleaf/starlight/common/thread/SchedulingUtil (java.lang.ClassNotFoundException: ca/spottedleaf/starlight/common/thread/SchedulingUtil)
[23:35:20] [main/WARN]: Error loading class: net/caffeinemc/mods/sodium/client/render/chunk/compile/pipeline/BlockOcclusionCache (java.lang.ClassNotFoundException: net/caffeinemc/mods/sodium/client/render/chunk/compile/pipeline/BlockOcclusionCache)
[23:35:20] [main/INFO]: Searching for graphics cards...
[23:35:20] [main/WARN]: Could not find any graphics adapters! Probably the device is not on a bus we can probe, or there are no devices supporting 3D acceleration.
[23:35:20] [main/WARN]: Sodium has applied one or more workarounds to prevent crashes or other issues on your system: [NO_ERROR_CONTEXT_UNSUPPORTED]
[23:35:20] [main/WARN]: This is not necessarily an issue, but it may result in certain features or optimizations being disabled. You can sometimes fix these issues by upgrading your graphics driver.
[23:35:20] [main/INFO]: Initializing MixinExtras via com.llamalad7.mixinextras.service.MixinExtrasServiceImpl(version=0.5.4).
[23:35:22] [Datafixer Bootstrap/INFO]: 287 Datafixer optimizations took 774 milliseconds
[23:35:28] [Render thread/INFO]: Environment: Environment[sessionHost=https://sessionserver.mojang.com, servicesHost=https://api.minecraftservices.com, profilesHost=https://api.mojang.com, name=PROD]
[23:35:28] [Render thread/INFO]: Setting user: Player776
[23:35:28] [Render thread/INFO]: Enabled 100 bug fixes: [MC-577, MC-4490, MC-7569, MC-8187, MC-30391, MC-35361, MC-44654, MC-46737, MC-46766, MC-57057, MC-79545, MC-80859, MC-82263, MC-84661, MC-88371, MC-89146, MC-90683, MC-93018, MC-93384, MC-94054, MC-100991, MC-105068, MC-115092, MC-116379, MC-118740, MC-119754, MC-121706, MC-121903, MC-122477, MC-122627, MC-123450, MC-123605, MC-127970, MC-129909, MC-131562, MC-132878, MC-133218, MC-134110, MC-136249, MC-139041, MC-143474, MC-147659, MC-153010, MC-155509, MC-158900, MC-159163, MC-159283, MC-160095, MC-165306, MC-165381, MC-168573, MC-170462, MC-176559, MC-176806, MC-177381, MC-179072, MC-183990, MC-187100, MC-188359, MC-197260, MC-200418, MC-201374, MC-202637, MC-206540, MC-206922, MC-210318, MC-211561, MC-215530, MC-215531, MC-217716, MC-219981, MC-221257, MC-223153, MC-224729, MC-226961, MC-227008, MC-227337, MC-231097, MC-231743, MC-232869, MC-237493, MC-242809, MC-245394, MC-251068, MC-259512, MC-263865, MC-263999, MC-264285, MC-264979, MC-267125, MC-267376, MC-268420, MC-268617, MC-271899, MC-272431, MC-280220, MC-297837, MC-298066, MC-298225, MC-298558]
[23:35:28] [Render thread/INFO]: Successfully Debugify'd your game!
[23:35:28] [Render thread/INFO]: ping & connect fast!
[23:35:28] [Render thread/INFO]: Compression will use libdeflate (Linux x86_64), encryption will use OpenSSL 3.x.x (Linux x86_64)
[23:35:28] [Render thread/INFO]: [Indigo] Different rendering plugin detected; not applying Indigo.
[23:35:28] [Download-2/ERROR]: Failed to fetch user properties
com.mojang.authlib.exceptions.InvalidCredentialsException: Status: 401
	at knot//com.mojang.authlib.exceptions.MinecraftClientHttpException.toAuthenticationException(MinecraftClientHttpException.java:59)
	at knot//com.mojang.authlib.yggdrasil.YggdrasilUserApiService.fetchProperties(YggdrasilUserApiService.java:150)
	at knot//net.minecraft.class_310.method_55608(class_310.java:457)
	at java.base/java.util.concurrent.CompletableFuture$AsyncSupply.run(CompletableFuture.java:1768)
	at java.base/java.util.concurrent.ThreadPoolExecutor.runWorker(ThreadPoolExecutor.java:1144)
	at java.base/java.util.concurrent.ThreadPoolExecutor$Worker.run(ThreadPoolExecutor.java:642)
	at java.base/java.lang.Thread.run(Thread.java:1583)
Caused by: com.mojang.authlib.exceptions.MinecraftClientHttpException: Status: 401
	at knot//com.mojang.authlib.minecraft.client.MinecraftClient.readInputStream(MinecraftClient.java:103)
	at knot//com.mojang.authlib.minecraft.client.MinecraftClient.get(MinecraftClient.java:56)
	at knot//com.mojang.authlib.yggdrasil.YggdrasilUserApiService.fetchProperties(YggdrasilUserApiService.java:121)
	... 5 more
[23:35:28] [Render thread/INFO]: FreedomClient loaded with 126 mods
[23:35:28] [Render thread/INFO]: Krypton is now accelerating your Minecraft client's networking stack 🚀
[23:35:28] [Render thread/INFO]: Note that Krypton is most effective on servers, not the client.
[23:35:28] [Render thread/INFO]: [STDOUT]: [Mouse Tweaks] Main.initialize()
[23:35:28] [Render thread/INFO]: [STDOUT]: [Mouse Tweaks] Generating the config file at: /home/runner/work/FreedomClient/FreedomClient/run/config/MouseTweaks.cfg
[23:35:28] [Render thread/INFO]: [STDOUT]: [Mouse Tweaks] Created the config file.
[23:35:28] [Render thread/INFO]: [STDOUT]: [Mouse Tweaks] Initialized.
[23:35:28] [Render thread/INFO]: Config file '/home/runner/work/FreedomClient/FreedomClient/run/config/yacl.json5' does not exist. Creating it with default values.
[23:35:28] [Render thread/INFO]: Serializing class dev.isxander.yacl3.platform.YACLConfig to '/home/runner/work/FreedomClient/FreedomClient/run/config/yacl.json5'
[23:35:29] [Render thread/ERROR]: Illegal option value 0 for Anisotropic Filtering
[23:35:29] [Render thread/INFO]: Backend library: LWJGL version 3.3.3-snapshot
[23:35:33] [Render thread/INFO]: Initializing ImmediatelyFast 1.14.3+1.21.11 on llvmpipe (LLVM 20.1.2, 256 bits) (Mesa) with OpenGL 4.5 (Core Profile) Mesa 25.2.8-0ubuntu0.24.04.4
[23:35:33] [Render thread/INFO]: OpenGL Vendor: Mesa
[23:35:33] [Render thread/INFO]: OpenGL Renderer: llvmpipe (LLVM 20.1.2, 256 bits)
[23:35:33] [Render thread/INFO]: OpenGL Version: 4.5 (Core Profile) Mesa 25.2.8-0ubuntu0.24.04.4
[23:35:33] [Render thread/INFO]: Using optional rendering extensions: GL_ARB_buffer_storage, GL_KHR_debug, GL_ARB_vertex_attrib_binding, GL_ARB_direct_state_access, GL_EXT_texture_filter_anisotropic
[23:35:34] [Render thread/ERROR]: Error while loading the narrator
com.mojang.text2speech.Narrator$InitializeException: Failed to load library flite
	at knot//com.mojang.text2speech.NarratorLinux$FliteLibrary.loadNative(NarratorLinux.java:81)
	at knot//com.mojang.text2speech.NarratorLinux.<init>(NarratorLinux.java:18)
	at knot//com.mojang.text2speech.Narrator.getNarrator(Narrator.java:41)
	at knot//net.minecraft.class_333.<init>(class_333.java:20)
	at knot//net.minecraft.class_310.<init>(class_310.java:702)
	at knot//net.minecraft.client.main.Main.main(Main.java:234)
	at net.fabricmc.loader.impl.game.minecraft.MinecraftGameProvider.launch(MinecraftGameProvider.java:514)
	at net.fabricmc.loader.impl.launch.knot.Knot.launch(Knot.java:72)
	at net.fabricmc.loader.impl.launch.knot.KnotClient.main(KnotClient.java:23)
Caused by: java.lang.UnsatisfiedLinkError: Unable to load library 'flite':
libflite.so: cannot open shared object file: No such file or directory
libflite.so: cannot open shared object file: No such file or directory
Native library (linux-x86-64/libflite.so) not found in resource path (/home/runner/.gradle/caches/fabric-loom/1.21.11/minecraft-client.jar:/home/runner/.gradle/caches/modules-2/files-2.1/net.fabricmc/fabric-loader/0.19.3/354dfaa02d0552e11867f85dff7cdbfaf813ba3e/fabric-loader-0.19.3.jar:/home/runner/.gradle/caches/modules-2/files-2.1/net.fabricmc/intermediary/1.21.11/f1e2033afc8b637150c223b2bfd352d37544bc96/intermediary-1.21.11.jar:/home/runner/.gradle/caches/modules-2/files-2.1/org.ow2.asm/asm/9.10.1/ada2141c0cc52ee8f5c48cd5fa4ce0e794f22236/asm-9.10.1.jar:/home/runner/.gradle/caches/modules-2/files-2.1/org.ow2.asm/asm-analysis/9.10.1/8d49f14d51f632cb1d87c88d1ceaf50db0d8af1b/asm-analysis-9.10.1.jar:/home/runner/.gradle/caches/modules-2/files-2.1/org.ow2.asm/asm-commons/9.10.1/4229e4c55fd8e01c23f9fe9884075cc628aacc50/asm-commons-9.10.1.jar:/home/runner/.gradle/caches/modules-2/files-2.1/org.ow2.asm/asm-tree/9.10.1/e244332a17564c1d1572449399a842de35881be2/asm-tree-9.10.1.jar:/home/runner/.gradle/caches/modules-2/files-2.1/org.ow2.asm/asm-util/9.10.1/7bb9d450e8d4cbf9f9e04096c44bbfe7fba80b15/asm-util-9.10.1.jar:/home/runner/.gradle/caches/modules-2/files-2.1/net.fabricmc/sponge-mixin/0.17.3+mixin.0.8.7/41c4a3984a80f4679e759fb9f495587acc5cdac7/sponge-mixin-0.17.3+mixin.0.8.7.jar:/home/runner/.gradle/caches/modules-2/files-2.1/io.github.llamalad7/mixinextras-fabric/0.5.4/5e167154bcb9942111313a5e186e16cd7265f858/mixinextras-fabric-0.5.4.jar:/home/runner/.gradle/caches/modules-2/files-2.1/at.yawk.lz4/lz4-java/1.8.1/1f30a180ee04ccd53339a716aec13cae60a013b5/lz4-java-1.8.1.jar:/home/runner/.gradle/caches/modules-2/files-2.1/com.azure/azure-json/1.4.0/fcc1d354dbc3e0300e5276b1bf124d0247799cd8/azure-json-1.4.0.jar:/home/runner/.gradle/caches/modules-2/files-2.1/com.github.oshi/oshi-core/6.9.0/3224870731860cfcd7744581a05b559e94291e7/oshi-core-6.9.0.jar:/home/runner/.gradle/caches/modules-2/files-2.1/com.google.code.gson/gson/2.13.2/48b8230771e573b54ce6e867a9001e75977fe78e/gson-2.13.2.jar:/home/runner/.gradle/caches/modules-2/files-2.1/com.google.guava/failureaccess/1.0.3/aeaffd00d57023a2c947393ed251f0354f0985fc/failureaccess-1.0.3.jar:/home/runner/.gradle/caches/modules-2/files-2.1/com.google.guava/guava/33.5.0-jre/8699de25f2f979108d6c1b804a7ba38cda1116bc/guava-33.5.0-jre.jar:/home/runner/.gradle/caches/modules-2/files-2.1/com.ibm.icu/icu4j/77.1/38693cf0b1d7362a8b726af74dc06026a7c23809/icu4j-77.1.jar:/home/runner/.gradle/caches/modules-2/files-2.1/com.microsoft.azure/msal4j/1.23.1/6c722b514873b24a4e1ce9c22dca36ea3c22bdbe/msal4j-1.23.1.jar:/home/runner/.gradle/caches/modules-2/files-2.1/com.mojang/authlib/7.0.61/efee1e6b54e863108576eb3b3ae71144626aaefc/authlib-7.0.61.jar:/home/runner/.gradle/caches/modules-2/files-2.1/com.mojang/blocklist/1.0.10/5c685c5ffa94c4cd39496c7184c1d122e515ecef/blocklist-1.0.10.jar:/home/runner/.gradle/caches/modules-2/files-2.1/com.mojang/brigadier/1.3.10/d15b53a14cf20fdcaa98f731af5dda654452c010/brigadier-1.3.10.jar:/home/runner/.gradle/caches/modules-2/files-2.1/com.mojang/datafixerupper/9.0.19/4e91f9712fa1e83231d1501625381b0210a977da/datafixerupper-9.0.19.jar:/home/runner/.gradle/caches/modules-2/files-2.1/com.mojang/jtracy/1.0.37/a3fb649b2e2b2288d2978f0b0bc3d83f62809d1e/jtracy-1.0.37.jar:/home/runner/.gradle/caches/modules-2/files-2.1/com.mojang/jtracy/1.0.37/e1b4395227af41195da9e2ead13c48ee0b7d31cd/jtracy-1.0.37-natives-linux.jar:/home/runner/.gradle/caches/modules-2/files-2.1/com.mojang/logging/1.6.11/fd147240733010c158249d986323f9ef98977fe/logging-1.6.11.jar:/home/runner/.gradle/caches/modules-2/files-2.1/com.mojang/patchy/2.2.10/da05971b07cbb379d002cf7eaec6a2048211fefc/patchy-2.2.10.jar:/home/runner/.gradle/caches/modules-2/files-2.1/com.mojang/text2speech/1.18.11/e853a12cdd6ba4f4836e8f4bf3b37844a13482b6/text2speech-1.18.11.jar:/home/runner/.gradle/caches/modules-2/files-2.1/commons-codec/commons-codec/1.19.0/8c0dbe3ae883fceda9b50a6c76e745e548073388/commons-codec-1.19.0.jar:/home/runner/.gradle/caches/modules-2/files-2.1/commons-io/commons-io/2.20.0/36f3474daec2849c149e877614e7f979b2082cd2/commons-io-2.20.0.jar:/home/runner/.gradle/caches/modules-2/files-2.1/io.netty/netty-buffer/4.2.7.Final/5555ff561643bf2f8430fb57c24403c0efe15994/netty-buffer-4.2.7.Final.jar:/home/runner/.gradle/caches/modules-2/files-2.1/io.netty/netty-codec-base/4.2.7.Final/915e381ebabcf115f1c7ff7032d55c48afb50210/netty-codec-base-4.2.7.Final.jar:/home/runner/.gradle/caches/modules-2/files-2.1/io.netty/netty-codec-compression/4.2.7.Final/572341bc1ca90fd9d6e47f1d2694aab5258566e9/netty-codec-compression-4.2.7.Final.jar:/home/runner/.gradle/caches/modules-2/files-2.1/io.netty/netty-codec-http/4.2.7.Final/b734c108854099c421fd94d92d9f865e4d4da853/netty-codec-http-4.2.7.Final.jar:/home/runner/.gradle/caches/modules-2/files-2.1/io.netty/netty-common/4.2.7.Final/11aa30df26af4fca3239ac1917f303a280f301e1/netty-common-4.2.7.Final.jar:/home/runner/.gradle/caches/modules-2/files-2.1/io.netty/netty-handler/4.2.7.Final/7ad8a1f851e2e6fe93cdd091871fda2b81c03b5b/netty-handler-4.2.7.Final.jar:/home/runner/.gradle/caches/modules-2/files-2.1/io.netty/netty-resolver/4.2.7.Final/5f3e5ef8de03992cd4fb46960dc0085ec1a12a12/netty-resolver-4.2.7.Final.jar:/home/runner/.gradle/caches/modules-2/files-2.1/io.netty/netty-transport-classes-epoll/4.2.7.Final/1075c09f48a78eef9d819fbfd9096b903fdd362a/netty-transport-classes-epoll-4.2.7.Final.jar:/home/runner/.gradle/caches/modules-2/files-2.1/io.netty/netty-transport-classes-kqueue/4.2.7.Final/bdec7c23c75caabd848426d073c09568e8d5f94e/netty-transport-classes-kqueue-4.2.7.Final.jar:/home/runner/.gradle/caches/modules-2/files-2.1/io.netty/netty-transport-native-epoll/4.2.7.Final/98d02251c98c8f07a23ac5ea27657d9e0ef57614/netty-transport-native-epoll-4.2.7.Final-linux-aarch_64.jar:/home/runner/.gradle/caches/modules-2/files-2.1/io.netty/netty-transport-native-epoll/4.2.7.Final/e83998bfc10b5289d9bcbe807c4079ef0eed8e6f/netty-transport-native-epoll-4.2.7.Final-linux-x86_64.jar:/home/runner/.gradle/caches/modules-2/files-2.1/io.netty/netty-transport-native-unix-common/4.2.7.Final/89953f04259ea7502cffb313630dd51e00e60669/netty-transport-native-unix-common-4.2.7.Final.jar:/home/runner/.gradle/caches/modules-2/files-2.1/io.netty/netty-transport/4.2.7.Final/83ea548981d0d8c4a98027cc1a6f9624f902e142/netty-transport-4.2.7.Final.jar:/home/runner/.gradle/caches/modules-2/files-2.1/it.unimi.dsi/fastutil/8.5.18/a6cff377eecc19c2037bf31568a6d7106b50ba1f/fastutil-8.5.18.jar:/home/runner/.gradle/caches/modules-2/files-2.1/net.java.dev.jna/jna-platform/5.17.0/a4934c44d25a9d8c2ddf4203affd20330cb3426f/jna-platform-5.17.0.jar:/home/runner/.gradle/caches/modules-2/files-2.1/net.java.dev.jna/jna/5.17.0/33d12735bef894440780fce64f9758d420c7bae2/jna-5.17.0.jar:/home/runner/.gradle/caches/modules-2/files-2.1/net.sf.jopt-simple/jopt-simple/5.0.4/4fdac2fbe92dfad86aa6e9301736f6b4342a3f5c/jopt-simple-5.0.4.jar:/home/runner/.gradle/caches/modules-2/files-2.1/org.apache.commons/commons-compress/1.28.0/e482f2c7a88dac3c497e96aa420b6a769f59c8d7/commons-compress-1.28.0.jar:/home/runner/.gradle/caches/modules-2/files-2.1/org.apache.commons/commons-lang3/3.19.0/d6524b169a6574cd253760c472d419b47bfd37e6/commons-lang3-3.19.0.jar:/home/runner/.gradle/caches/modules-2/files-2.1/org.apache.logging.log4j/log4j-api/2.25.2/292c1a2b1702f1e1e3adb13e1c57e5bff60335ff/log4j-api-2.25.2.jar:/home/runner/.gradle/caches/modules-2/files-2.1/org.apache.logging.log4j/log4j-core/2.25.2/d4d0ad2e51e03e531f784891fbfff1bae1e13a12/log4j-core-2.25.2.jar:/home/runner/.gradle/caches/modules-2/files-2.1/org.apache.logging.log4j/log4j-slf4j2-impl/2.25.2/5eec0c392661dee8a366baec17e8896900dd978f/log4j-slf4j2-impl-2.25.2.jar:/home/runner/.gradle/caches/modules-2/files-2.1/org.jcraft/jorbis/0.0.17/8872d22b293e8f5d7d56ff92be966e6dc28ebdc6/jorbis-0.0.17.jar:/home/runner/.gradle/caches/modules-2/files-2.1/org.joml/joml/1.10.8/fc0a71dad90a2cf41d82a76156a0e700af8e4f8d/joml-1.10.8.jar:/home/runner/.gradle/caches/modules-2/files-2.1/org.jspecify/jspecify/1.0.0/7425a601c1c7ec76645a78d22b8c6a627edee507/jspecify-1.0.0.jar:/home/runner/.gradle/caches/modules-2/files-2.1/org.lwjgl/lwjgl-freetype/3.3.3/a0db6c84a8becc8ca05f9dbfa985edc348a824c7/lwjgl-freetype-3.3.3.jar:/home/runner/.gradle/caches/modules-2/files-2.1/org.lwjgl/lwjgl-freetype/3.3.3/149070a5480900347071b7074779531f25a6e3dc/lwjgl-freetype-3.3.3-natives-linux.jar:/home/runner/.gradle/caches/modules-2/files-2.1/org.lwjgl/lwjgl-glfw/3.3.3/efa1eb78c5ccd840e9f329717109b5e892d72f8e/lwjgl-glfw-3.3.3.jar:/home/runner/.gradle/caches/modules-2/files-2.1/org.lwjgl/lwjgl-glfw/3.3.3/a03684c5e4b1b1dbbe0d29dbbdc27b985b6840f2/lwjgl-glfw-3.3.3-natives-linux.jar:/home/runner/.gradle/caches/modules-2/files-2.1/org.lwjgl/lwjgl-jemalloc/3.3.3/b543467b7ff3c6920539a88ee602d34098628be5/lwjgl-jemalloc-3.3.3.jar:/home/runner/.gradle/caches/modules-2/files-2.1/org.lwjgl/lwjgl-jemalloc/3.3.3/4f86728bf449b1dd61251c4e0ac01df1389cb51e/lwjgl-jemalloc-3.3.3-natives-linux.jar:/home/runner/.gradle/caches/modules-2/files-2.1/org.lwjgl/lwjgl-openal/3.3.3/daada81ceb5fc0c291fbfdd4433cb8d9423577f2/lwjgl-openal-3.3.3.jar:/home/runner/.gradle/caches/modules-2/files-2.1/org.lwjgl/lwjgl-openal/3.3.3/3037360cc4595079bea240af250b6d1a527e0905/lwjgl-openal-3.3.3-natives-linux.jar:/home/runner/.gradle/caches/modules-2/files-2.1/org.lwjgl/lwjgl-opengl/3.3.3/2f6b0147078396a58979125a4c947664e98293a/lwjgl-opengl-3.3.3.jar:/home/runner/.gradle/caches/modules-2/files-2.1/org.lwjgl/lwjgl-opengl/3.3.3/62c70a4b00ca5391882b0f4b787c1588d24f1c86/lwjgl-opengl-3.3.3-natives-linux.jar:/home/runner/.gradle/caches/modules-2/files-2.1/org.lwjgl/lwjgl-stb/3.3.3/25dd6161988d7e65f71d5065c99902402ee32746/lwjgl-stb-3.3.3.jar:/home/runner/.gradle/caches/modules-2/files-2.1/org.lwjgl/lwjgl-stb/3.3.3/fd1271ccd9d85eff2fa31f3fd543e02ccfaf5041/lwjgl-stb-3.3.3-natives-linux.jar:/home/runner/.gradle/caches/modules-2/files-2.1/org.lwjgl/lwjgl-tinyfd/3.3.3/82d755ca94b102e9ca77283b9e2dc46d1b15fbe5/lwjgl-tinyfd-3.3.3.jar:/home/runner/.gradle/caches/modules-2/files-2.1/org.lwjgl/lwjgl-tinyfd/3.3.3/d8d58daa0c3e5fd906fee96f5fddbcbc07cc308b/lwjgl-tinyfd-3.3.3-natives-linux.jar:/home/runner/.gradle/caches/modules-2/files-2.1/org.lwjgl/lwjgl/3.3.3/29589b5f87ed335a6c7e7ee6a5775f81f97ecb84/lwjgl-3.3.3.jar:/home/runner/.gradle/caches/modules-2/files-2.1/org.lwjgl/lwjgl/3.3.3/1713758e3660ba66e1e954396fd18126038b33c0/lwjgl-3.3.3-natives-linux.jar:/home/runner/.gradle/caches/modules-2/files-2.1/org.slf4j/slf4j-api/2.0.17/d9e58ac9c7779ba3bf8142aff6c830617a7fe60f/slf4j-api-2.0.17.jar)
	at knot//com.sun.jna.NativeLibrary.loadLibrary(NativeLibrary.java:325)
	at knot//com.sun.jna.NativeLibrary.getInstance(NativeLibrary.java:481)
	at knot//com.sun.jna.NativeLibrary.getInstance(NativeLibrary.java:423)
	at knot//com.mojang.text2speech.NarratorLinux$FliteLibrary.loadNative(NarratorLinux.java:79)
	... 8 more
	Suppressed: java.lang.UnsatisfiedLinkError: libflite.so: cannot open shared object file: No such file or directory
		at knot//com.sun.jna.Native.open(Native Method)
		at knot//com.sun.jna.NativeLibrary.loadLibrary(NativeLibrary.java:213)
		... 11 more
	Suppressed: java.lang.UnsatisfiedLinkError: libflite.so: cannot open shared object file: No such file or directory
		at knot//com.sun.jna.Native.open(Native Method)
		at knot//com.sun.jna.NativeLibrary.loadLibrary(NativeLibrary.java:226)
		... 11 more
	Suppressed: java.io.IOException: Native library (linux-x86-64/libflite.so) not found in resource path (/home/runner/.gradle/caches/fabric-loom/1.21.11/minecraft-client.jar:/home/runner/.gradle/caches/modules-2/files-2.1/net.fabricmc/fabric-loader/0.19.3/354dfaa02d0552e11867f85dff7cdbfaf813ba3e/fabric-loader-0.19.3.jar:/home/runner/.gradle/caches/modules-2/files-2.1/net.fabricmc/intermediary/1.21.11/f1e2033afc8b637150c223b2bfd352d37544bc96/intermediary-1.21.11.jar:/home/runner/.gradle/caches/modules-2/files-2.1/org.ow2.asm/asm/9.10.1/ada2141c0cc52ee8f5c48cd5fa4ce0e794f22236/asm-9.10.1.jar:/home/runner/.gradle/caches/modules-2/files-2.1/org.ow2.asm/asm-analysis/9.10.1/8d49f14d51f632cb1d87c88d1ceaf50db0d8af1b/asm-analysis-9.10.1.jar:/home/runner/.gradle/caches/modules-2/files-2.1/org.ow2.asm/asm-commons/9.10.1/4229e4c55fd8e01c23f9fe9884075cc628aacc50/asm-commons-9.10.1.jar:/home/runner/.gradle/caches/modules-2/files-2.1/org.ow2.asm/asm-tree/9.10.1/e244332a17564c1d1572449399a842de35881be2/asm-tree-9.10.1.jar:/home/runner/.gradle/caches/modules-2/files-2.1/org.ow2.asm/asm-util/9.10.1/7bb9d450e8d4cbf9f9e04096c44bbfe7fba80b15/asm-util-9.10.1.jar:/home/runner/.gradle/caches/modules-2/files-2.1/net.fabricmc/sponge-mixin/0.17.3+mixin.0.8.7/41c4a3984a80f4679e759fb9f495587acc5cdac7/sponge-mixin-0.17.3+mixin.0.8.7.jar:/home/runner/.gradle/caches/modules-2/files-2.1/io.github.llamalad7/mixinextras-fabric/0.5.4/5e167154bcb9942111313a5e186e16cd7265f858/mixinextras-fabric-0.5.4.jar:/home/runner/.gradle/caches/modules-2/files-2.1/at.yawk.lz4/lz4-java/1.8.1/1f30a180ee04ccd53339a716aec13cae60a013b5/lz4-java-1.8.1.jar:/home/runner/.gradle/caches/modules-2/files-2.1/com.azure/azure-json/1.4.0/fcc1d354dbc3e0300e5276b1bf124d0247799cd8/azure-json-1.4.0.jar:/home/runner/.gradle/caches/modules-2/files-2.1/com.github.oshi/oshi-core/6.9.0/3224870731860cfcd7744581a05b559e94291e7/oshi-core-6.9.0.jar:/home/runner/.gradle/caches/modules-2/files-2.1/com.google.code.gson/gson/2.13.2/48b8230771e573b54ce6e867a9001e75977fe78e/gson-2.13.2.jar:/home/runner/.gradle/caches/modules-2/files-2.1/com.google.guava/failureaccess/1.0.3/aeaffd00d57023a2c947393ed251f0354f0985fc/failureaccess-1.0.3.jar:/home/runner/.gradle/caches/modules-2/files-2.1/com.google.guava/guava/33.5.0-jre/8699de25f2f979108d6c1b804a7ba38cda1116bc/guava-33.5.0-jre.jar:/home/runner/.gradle/caches/modules-2/files-2.1/com.ibm.icu/icu4j/77.1/38693cf0b1d7362a8b726af74dc06026a7c23809/icu4j-77.1.jar:/home/runner/.gradle/caches/modules-2/files-2.1/com.microsoft.azure/msal4j/1.23.1/6c722b514873b24a4e1ce9c22dca36ea3c22bdbe/msal4j-1.23.1.jar:/home/runner/.gradle/caches/modules-2/files-2.1/com.mojang/authlib/7.0.61/efee1e6b54e863108576eb3b3ae71144626aaefc/authlib-7.0.61.jar:/home/runner/.gradle/caches/modules-2/files-2.1/com.mojang/blocklist/1.0.10/5c685c5ffa94c4cd39496c7184c1d122e515ecef/blocklist-1.0.10.jar:/home/runner/.gradle/caches/modules-2/files-2.1/com.mojang/brigadier/1.3.10/d15b53a14cf20fdcaa98f731af5dda654452c010/brigadier-1.3.10.jar:/home/runner/.gradle/caches/modules-2/files-2.1/com.mojang/datafixerupper/9.0.19/4e91f9712fa1e83231d1501625381b0210a977da/datafixerupper-9.0.19.jar:/home/runner/.gradle/caches/modules-2/files-2.1/com.mojang/jtracy/1.0.37/a3fb649b2e2b2288d2978f0b0bc3d83f62809d1e/jtracy-1.0.37.jar:/home/runner/.gradle/caches/modules-2/files-2.1/com.mojang/jtracy/1.0.37/e1b4395227af41195da9e2ead13c48ee0b7d31cd/jtracy-1.0.37-natives-linux.jar:/home/runner/.gradle/caches/modules-2/files-2.1/com.mojang/logging/1.6.11/fd147240733010c158249d986323f9ef98977fe/logging-1.6.11.jar:/home/runner/.gradle/caches/modules-2/files-2.1/com.mojang/patchy/2.2.10/da05971b07cbb379d002cf7eaec6a2048211fefc/patchy-2.2.10.jar:/home/runner/.gradle/caches/modules-2/files-2.1/com.mojang/text2speech/1.18.11/e853a12cdd6ba4f4836e8f4bf3b37844a13482b6/text2speech-1.18.11.jar:/home/runner/.gradle/caches/modules-2/files-2.1/commons-codec/commons-codec/1.19.0/8c0dbe3ae883fceda9b50a6c76e745e548073388/commons-codec-1.19.0.jar:/home/runner/.gradle/caches/modules-2/files-2.1/commons-io/commons-io/2.20.0/36f3474daec2849c149e877614e7f979b2082cd2/commons-io-2.20.0.jar:/home/runner/.gradle/caches/modules-2/files-2.1/io.netty/netty-buffer/4.2.7.Final/5555ff561643bf2f8430fb57c24403c0efe15994/netty-buffer-4.2.7.Final.jar:/home/runner/.gradle/caches/modules-2/files-2.1/io.netty/netty-codec-base/4.2.7.Final/915e381ebabcf115f1c7ff7032d55c48afb50210/netty-codec-base-4.2.7.Final.jar:/home/runner/.gradle/caches/modules-2/files-2.1/io.netty/netty-codec-compression/4.2.7.Final/572341bc1ca90fd9d6e47f1d2694aab5258566e9/netty-codec-compression-4.2.7.Final.jar:/home/runner/.gradle/caches/modules-2/files-2.1/io.netty/netty-codec-http/4.2.7.Final/b734c108854099c421fd94d92d9f865e4d4da853/netty-codec-http-4.2.7.Final.jar:/home/runner/.gradle/caches/modules-2/files-2.1/io.netty/netty-common/4.2.7.Final/11aa30df26af4fca3239ac1917f303a280f301e1/netty-common-4.2.7.Final.jar:/home/runner/.gradle/caches/modules-2/files-2.1/io.netty/netty-handler/4.2.7.Final/7ad8a1f851e2e6fe93cdd091871fda2b81c03b5b/netty-handler-4.2.7.Final.jar:/home/runner/.gradle/caches/modules-2/files-2.1/io.netty/netty-resolver/4.2.7.Final/5f3e5ef8de03992cd4fb46960dc0085ec1a12a12/netty-resolver-4.2.7.Final.jar:/home/runner/.gradle/caches/modules-2/files-2.1/io.netty/netty-transport-classes-epoll/4.2.7.Final/1075c09f48a78eef9d819fbfd9096b903fdd362a/netty-transport-classes-epoll-4.2.7.Final.jar:/home/runner/.gradle/caches/modules-2/files-2.1/io.netty/netty-transport-classes-kqueue/4.2.7.Final/bdec7c23c75caabd848426d073c09568e8d5f94e/netty-transport-classes-kqueue-4.2.7.Final.jar:/home/runner/.gradle/caches/modules-2/files-2.1/io.netty/netty-transport-native-epoll/4.2.7.Final/98d02251c98c8f07a23ac5ea27657d9e0ef57614/netty-transport-native-epoll-4.2.7.Final-linux-aarch_64.jar:/home/runner/.gradle/caches/modules-2/files-2.1/io.netty/netty-transport-native-epoll/4.2.7.Final/e83998bfc10b5289d9bcbe807c4079ef0eed8e6f/netty-transport-native-epoll-4.2.7.Final-linux-x86_64.jar:/home/runner/.gradle/caches/modules-2/files-2.1/io.netty/netty-transport-native-unix-common/4.2.7.Final/89953f04259ea7502cffb313630dd51e00e60669/netty-transport-native-unix-common-4.2.7.Final.jar:/home/runner/.gradle/caches/modules-2/files-2.1/io.netty/netty-transport/4.2.7.Final/83ea548981d0d8c4a98027cc1a6f9624f902e142/netty-transport-4.2.7.Final.jar:/home/runner/.gradle/caches/modules-2/files-2.1/it.unimi.dsi/fastutil/8.5.18/a6cff377eecc19c2037bf31568a6d7106b50ba1f/fastutil-8.5.18.jar:/home/runner/.gradle/caches/modules-2/files-2.1/net.java.dev.jna/jna-platform/5.17.0/a4934c44d25a9d8c2ddf4203affd20330cb3426f/jna-platform-5.17.0.jar:/home/runner/.gradle/caches/modules-2/files-2.1/net.java.dev.jna/jna/5.17.0/33d12735bef894440780fce64f9758d420c7bae2/jna-5.17.0.jar:/home/runner/.gradle/caches/modules-2/files-2.1/net.sf.jopt-simple/jopt-simple/5.0.4/4fdac2fbe92dfad86aa6e9301736f6b4342a3f5c/jopt-simple-5.0.4.jar:/home/runner/.gradle/caches/modules-2/files-2.1/org.apache.commons/commons-compress/1.28.0/e482f2c7a88dac3c497e96aa420b6a769f59c8d7/commons-compress-1.28.0.jar:/home/runner/.gradle/caches/modules-2/files-2.1/org.apache.commons/commons-lang3/3.19.0/d6524b169a6574cd253760c472d419b47bfd37e6/commons-lang3-3.19.0.jar:/home/runner/.gradle/caches/modules-2/files-2.1/org.apache.logging.log4j/log4j-api/2.25.2/292c1a2b1702f1e1e3adb13e1c57e5bff60335ff/log4j-api-2.25.2.jar:/home/runner/.gradle/caches/modules-2/files-2.1/org.apache.logging.log4j/log4j-core/2.25.2/d4d0ad2e51e03e531f784891fbfff1bae1e13a12/log4j-core-2.25.2.jar:/home/runner/.gradle/caches/modules-2/files-2.1/org.apache.logging.log4j/log4j-slf4j2-impl/2.25.2/5eec0c392661dee8a366baec17e8896900dd978f/log4j-slf4j2-impl-2.25.2.jar:/home/runner/.gradle/caches/modules-2/files-2.1/org.jcraft/jorbis/0.0.17/8872d22b293e8f5d7d56ff92be966e6dc28ebdc6/jorbis-0.0.17.jar:/home/runner/.gradle/caches/modules-2/files-2.1/org.joml/joml/1.10.8/fc0a71dad90a2cf41d82a76156a0e700af8e4f8d/joml-1.10.8.jar:/home/runner/.gradle/caches/modules-2/files-2.1/org.jspecify/jspecify/1.0.0/7425a601c1c7ec76645a78d22b8c6a627edee507/jspecify-1.0.0.jar:/home/runner/.gradle/caches/modules-2/files-2.1/org.lwjgl/lwjgl-freetype/3.3.3/a0db6c84a8becc8ca05f9dbfa985edc348a824c7/lwjgl-freetype-3.3.3.jar:/home/runner/.gradle/caches/modules-2/files-2.1/org.lwjgl/lwjgl-freetype/3.3.3/149070a5480900347071b7074779531f25a6e3dc/lwjgl-freetype-3.3.3-natives-linux.jar:/home/runner/.gradle/caches/modules-2/files-2.1/org.lwjgl/lwjgl-glfw/3.3.3/efa1eb78c5ccd840e9f329717109b5e892d72f8e/lwjgl-glfw-3.3.3.jar:/home/runner/.gradle/caches/modules-2/files-2.1/org.lwjgl/lwjgl-glfw/3.3.3/a03684c5e4b1b1dbbe0d29dbbdc27b985b6840f2/lwjgl-glfw-3.3.3-natives-linux.jar:/home/runner/.gradle/caches/modules-2/files-2.1/org.lwjgl/lwjgl-jemalloc/3.3.3/b543467b7ff3c6920539a88ee602d34098628be5/lwjgl-jemalloc-3.3.3.jar:/home/runner/.gradle/caches/modules-2/files-2.1/org.lwjgl/lwjgl-jemalloc/3.3.3/4f86728bf449b1dd61251c4e0ac01df1389cb51e/lwjgl-jemalloc-3.3.3-natives-linux.jar:/home/runner/.gradle/caches/modules-2/files-2.1/org.lwjgl/lwjgl-openal/3.3.3/daada81ceb5fc0c291fbfdd4433cb8d9423577f2/lwjgl-openal-3.3.3.jar:/home/runner/.gradle/caches/modules-2/files-2.1/org.lwjgl/lwjgl-openal/3.3.3/3037360cc4595079bea240af250b6d1a527e0905/lwjgl-openal-3.3.3-natives-linux.jar:/home/runner/.gradle/caches/modules-2/files-2.1/org.lwjgl/lwjgl-opengl/3.3.3/2f6b0147078396a58979125a4c947664e98293a/lwjgl-opengl-3.3.3.jar:/home/runner/.gradle/caches/modules-2/files-2.1/org.lwjgl/lwjgl-opengl/3.3.3/62c70a4b00ca5391882b0f4b787c1588d24f1c86/lwjgl-opengl-3.3.3-natives-linux.jar:/home/runner/.gradle/caches/modules-2/files-2.1/org.lwjgl/lwjgl-stb/3.3.3/25dd6161988d7e65f71d5065c99902402ee32746/lwjgl-stb-3.3.3.jar:/home/runner/.gradle/caches/modules-2/files-2.1/org.lwjgl/lwjgl-stb/3.3.3/fd1271ccd9d85eff2fa31f3fd543e02ccfaf5041/lwjgl-stb-3.3.3-natives-linux.jar:/home/runner/.gradle/caches/modules-2/files-2.1/org.lwjgl/lwjgl-tinyfd/3.3.3/82d755ca94b102e9ca77283b9e2dc46d1b15fbe5/lwjgl-tinyfd-3.3.3.jar:/home/runner/.gradle/caches/modules-2/files-2.1/org.lwjgl/lwjgl-tinyfd/3.3.3/d8d58daa0c3e5fd906fee96f5fddbcbc07cc308b/lwjgl-tinyfd-3.3.3-natives-linux.jar:/home/runner/.gradle/caches/modules-2/files-2.1/org.lwjgl/lwjgl/3.3.3/29589b5f87ed335a6c7e7ee6a5775f81f97ecb84/lwjgl-3.3.3.jar:/home/runner/.gradle/caches/modules-2/files-2.1/org.lwjgl/lwjgl/3.3.3/1713758e3660ba66e1e954396fd18126038b33c0/lwjgl-3.3.3-natives-linux.jar:/home/runner/.gradle/caches/modules-2/files-2.1/org.slf4j/slf4j-api/2.0.17/d9e58ac9c7779ba3bf8142aff6c830617a7fe60f/slf4j-api-2.0.17.jar)
		at knot//com.sun.jna.Native.extractFromResourcePath(Native.java:1141)
		at knot//com.sun.jna.NativeLibrary.loadLibrary(NativeLibrary.java:297)
		... 11 more
[23:35:34] [Download-2/INFO]: Could not authorize you against Realms server: java.lang.RuntimeException: Failed to parse into SignedJWT: FabricMC
[23:35:34] [Download-2/ERROR]: Failed to fetch Realms feature flags
net.minecraft.class_4355: Realms authentication error with message 'java.lang.RuntimeException: Failed to parse into SignedJWT: FabricMC'
	at knot//net.minecraft.class_4341.method_20998(class_4341.java:526)
	at knot//net.minecraft.class_4341.method_68466(class_4341.java:186)
	at java.base/java.util.concurrent.CompletableFuture$AsyncSupply.run(CompletableFuture.java:1768)
	at java.base/java.util.concurrent.ThreadPoolExecutor.runWorker(ThreadPoolExecutor.java:1144)
	at java.base/java.util.concurrent.ThreadPoolExecutor$Worker.run(ThreadPoolExecutor.java:642)
	at java.base/java.lang.Thread.run(Thread.java:1583)
[23:35:34] [Render thread/INFO]: Reloading ResourceManager: vanilla, c2me, cloth-config, conditional-mixin, continuity, debugify, fabric-api, fabric-api-base, fabric-api-lookup-api-v1, fabric-biome-api-v1, fabric-block-api-v1, fabric-block-view-api-v2, fabric-client-gametest-api-v1, fabric-command-api-v2, fabric-content-registries-v0, fabric-convention-tags-v1, fabric-convention-tags-v2, fabric-crash-report-info-v1, fabric-data-attachment-api-v1, fabric-data-generation-api-v1, fabric-dimensions-v1, fabric-entity-events-v1, fabric-events-interaction-v0, fabric-game-rule-api-v1, fabric-item-api-v1, fabric-item-group-api-v1, fabric-key-binding-api-v1, fabric-lifecycle-events-v1, fabric-loot-api-v2, fabric-loot-api-v3, fabric-message-api-v1, fabric-model-loading-api-v1, fabric-networking-api-v1, fabric-object-builder-api-v1, fabric-particles-v1, fabric-recipe-api-v1, fabric-registry-sync-v0, fabric-renderer-api-v1, fabric-renderer-indigo, fabric-rendering-fluids-v1, fabric-rendering-v1, fabric-resource-conditions-api-v1, fabric-resource-loader-v0, fabric-resource-loader-v1, fabric-screen-api-v1, fabric-screen-handler-api-v1, fabric-serialization-api-v1, fabric-sound-api-v1, fabric-tag-api-v1, fabric-transfer-api-v1, fabric-transitive-access-wideners-v1, fabricloader, freedomclient, immediatelyfast, krypton, lithium, moreculling, sodium, sodium-extra, yet_another_config_lib_v3, freedomclient_pack
[23:35:34] [Render thread/INFO]: Cached all modded block culling states
[23:35:34] [Worker-Main-16/INFO]: Found unifont_all_no_pua-17.0.01.hex, loading
[23:35:35] [Worker-Main-16/INFO]: Found unifont_jp_patch-17.0.01.hex, loading
[23:35:35] [Worker-Main-16/INFO]: Found unifont_pua-17.0.01.hex, loading
[23:35:38] [Render thread/ERROR]: Error starting SoundSystem. Turning off sounds & music
java.lang.IllegalStateException: Failed to open OpenAL device
	at knot//net.minecraft.class_4225.method_38501(class_4225.java:292)
	at knot//net.minecraft.class_4225.method_19661(class_4225.java:150)
	at knot//net.minecraft.class_1140.method_4846(class_1140.java:119)
	at knot//net.minecraft.class_1140.method_4837(class_1140.java:109)
	at knot//net.minecraft.class_1144.method_18182(class_1144.java:122)
	at knot//net.minecraft.class_1144.method_18788(class_1144.java:41)
	at knot//net.minecraft.class_4080.method_18790(class_4080.java:15)
	at java.base/java.util.concurrent.CompletableFuture$UniAccept.tryFire(CompletableFuture.java:718)
	at java.base/java.util.concurrent.CompletableFuture$Completion.run(CompletableFuture.java:482)
	at knot//net.minecraft.class_4014.method_67574(class_4014.java:59)
	at knot//net.minecraft.class_1255.method_18859(class_1255.java:169)
	at knot//net.minecraft.class_4093.method_18859(class_4093.java:23)
	at knot//net.minecraft.class_1255.method_16075(class_1255.java:143)
	at knot//net.minecraft.class_1255.method_5383(class_1255.java:124)
	at knot//net.minecraft.class_310.method_1523(class_310.java:1339)
	at knot//net.minecraft.class_310.method_1514$mixinextras$wrapped$306(class_310.java:966)
	at knot//net.minecraft.class_310.mixinextras$bridge$method_1514$mixinextras$wrapped$306$307(class_310.java)
	at knot//net.minecraft.class_310.wrapMethod$zoh000$fabric-client-gametest-api-v1$onRun(class_310.java:5164)
	at knot//net.minecraft.class_310.method_1514(class_310.java)
	at knot//net.minecraft.client.main.Main.main(Main.java:250)
	at net.fabricmc.loader.impl.game.minecraft.MinecraftGameProvider.launch(MinecraftGameProvider.java:514)
	at net.fabricmc.loader.impl.launch.knot.Knot.launch(Knot.java:72)
	at net.fabricmc.loader.impl.launch.knot.KnotClient.main(KnotClient.java:23)
[23:35:38] [Render thread/INFO]: Created: 512x256x0 minecraft:textures/atlas/particles.png-atlas
[23:35:38] [Render thread/INFO]: Created: 128x128x0 minecraft:textures/atlas/decorated_pot.png-atlas
[23:35:38] [Render thread/INFO]: Created: 2048x1024x0 minecraft:textures/atlas/armor_trims.png-atlas
[23:35:38] [Render thread/INFO]: Created: 512x256x0 minecraft:textures/atlas/paintings.png-atlas
[23:35:38] [Render thread/INFO]: Created: 1024x512x0 minecraft:textures/atlas/shield_patterns.png-atlas
[23:35:38] [Render thread/INFO]: Created: 4096x2048x4 minecraft:textures/atlas/blocks.png-atlas
[23:35:39] [Render thread/INFO]: Created: 512x512x0 minecraft:textures/atlas/chest.png-atlas
[23:35:39] [Render thread/INFO]: Created: 256x128x0 minecraft:textures/atlas/celestials.png-atlas
[23:35:39] [Render thread/INFO]: Created: 1024x512x0 minecraft:textures/atlas/banner_patterns.png-atlas
[23:35:39] [Render thread/INFO]: Created: 512x512x0 minecraft:textures/atlas/beds.png-atlas
[23:35:39] [Render thread/INFO]: Created: 1024x1024x0 minecraft:textures/atlas/items.png-atlas
[23:35:39] [Render thread/INFO]: Created: 1024x1024x0 minecraft:textures/atlas/gui.png-atlas
[23:35:39] [Render thread/INFO]: Created: 128x64x0 minecraft:textures/atlas/map_decorations.png-atlas
[23:35:39] [Render thread/INFO]: Created: 512x256x0 minecraft:textures/atlas/signs.png-atlas
[23:35:39] [Render thread/INFO]: Created: 512x512x0 minecraft:textures/atlas/shulker_boxes.png-atlas
[23:35:39] [Render thread/INFO]: 29675 cache(s) were cleared!
[23:35:48] [Render thread/INFO]: Loaded 1470 recipes
[23:35:48] [Render thread/INFO]: Loaded 1584 advancements
[23:35:53] [Render thread/ERROR]: Negative index in crash report handler (15/17)
[23:35:53] [Render thread/ERROR]: Crash Guard caught a crash, report saved to /home/runner/work/FreedomClient/FreedomClient/run/crash-reports/crash-2026-10-02_23.35.53-client.txt
java.lang.IllegalStateException: FreedomClient Crash Guard test
	at knot//com.freedomclient.test.MenuScreenshotTest.lambda$runTest$16(MenuScreenshotTest.java:159)
	at knot//net.fabricmc.fabric.impl.client.gametest.context.ClientGameTestContextImpl.lambda$runOnClient$18(ClientGameTestContextImpl.java:527)
	at knot//net.fabricmc.fabric.impl.client.gametest.threading.ThreadingImpl.runTaskOnThisThread(ThreadingImpl.java:216)
	at knot//net.fabricmc.fabric.impl.client.gametest.threading.ThreadingImpl.lambda$runTaskOnOtherThread$2(ThreadingImpl.java:197)
	at knot//net.minecraft.class_310.postRunTasks(class_310.java:5278)
	at knot//net.minecraft.class_310.handler$zoh000$fabric-client-gametest-api-v1$postRunTasksHook(class_310.java:5209)
	at knot//net.minecraft.class_310.method_1523(class_310.java:1339)
	at knot//net.minecraft.class_310.method_1514$mixinextras$wrapped$306(class_310.java:966)
	at knot//net.minecraft.class_310.mixinextras$bridge$method_1514$mixinextras$wrapped$306$307(class_310.java)
	at knot//net.minecraft.class_310.wrapMethod$zoh000$fabric-client-gametest-api-v1$onRun(class_310.java:5164)
	at knot//net.minecraft.class_310.method_1514(class_310.java)
	at knot//net.minecraft.client.main.Main.main(Main.java:250)
	at net.fabricmc.loader.impl.game.minecraft.MinecraftGameProvider.launch(MinecraftGameProvider.java:514)
	at net.fabricmc.loader.impl.launch.knot.Knot.launch(Knot.java:72)
	at net.fabricmc.loader.impl.launch.knot.KnotClient.main(KnotClient.java:23)
[23:35:54] [Render thread/INFO]: Reloading ResourceManager: vanilla, c2me, cloth-config, conditional-mixin, continuity, debugify, fabric-api, fabric-api-base, fabric-api-lookup-api-v1, fabric-biome-api-v1, fabric-block-api-v1, fabric-block-view-api-v2, fabric-client-gametest-api-v1, fabric-command-api-v2, fabric-content-registries-v0, fabric-convention-tags-v1, fabric-convention-tags-v2, fabric-crash-report-info-v1, fabric-data-attachment-api-v1, fabric-data-generation-api-v1, fabric-dimensions-v1, fabric-entity-events-v1, fabric-events-interaction-v0, fabric-game-rule-api-v1, fabric-item-api-v1, fabric-item-group-api-v1, fabric-key-binding-api-v1, fabric-lifecycle-events-v1, fabric-loot-api-v2, fabric-loot-api-v3, fabric-message-api-v1, fabric-model-loading-api-v1, fabric-networking-api-v1, fabric-object-builder-api-v1, fabric-particles-v1, fabric-recipe-api-v1, fabric-registry-sync-v0, fabric-renderer-api-v1, fabric-renderer-indigo, fabric-rendering-fluids-v1, fabric-rendering-v1, fabric-resource-conditions-api-v1, fabric-resource-loader-v0, fabric-resource-loader-v1, fabric-screen-api-v1, fabric-screen-handler-api-v1, fabric-serialization-api-v1, fabric-sound-api-v1, fabric-tag-api-v1, fabric-transfer-api-v1, fabric-transitive-access-wideners-v1, fabricloader, freedomclient, immediatelyfast, krypton, lithium, moreculling, sodium, sodium-extra, yet_another_config_lib_v3, freedomclient_pack
[23:35:54] [Worker-Main-10/INFO]: Found unifont_all_no_pua-17.0.01.hex, loading
[23:35:54] [Worker-Main-10/INFO]: Found unifont_jp_patch-17.0.01.hex, loading
[23:35:54] [Worker-Main-10/INFO]: Found unifont_pua-17.0.01.hex, loading
[23:35:56] [Render thread/ERROR]: Error starting SoundSystem. Turning off sounds & music
java.lang.IllegalStateException: Failed to open OpenAL device
	at knot//net.minecraft.class_4225.method_38501(class_4225.java:292)
	at knot//net.minecraft.class_4225.method_19661(class_4225.java:150)
	at knot//net.minecraft.class_1140.method_4846(class_1140.java:119)
	at knot//net.minecraft.class_1140.method_4837(class_1140.java:109)
	at knot//net.minecraft.class_1144.method_18182(class_1144.java:122)
	at knot//net.minecraft.class_1144.method_18788(class_1144.java:41)
	at knot//net.minecraft.class_4080.method_18790(class_4080.java:15)
	at java.base/java.util.concurrent.CompletableFuture$UniAccept.tryFire(CompletableFuture.java:718)
	at java.base/java.util.concurrent.CompletableFuture$Completion.run(CompletableFuture.java:482)
	at knot//net.minecraft.class_4014.method_67574(class_4014.java:59)
	at knot//net.minecraft.class_1255.method_18859(class_1255.java:169)
	at knot//net.minecraft.class_4093.method_18859(class_4093.java:23)
	at knot//net.minecraft.class_1255.method_16075(class_1255.java:143)
	at knot//net.minecraft.class_1255.method_5383(class_1255.java:124)
	at knot//net.minecraft.class_310.method_1523(class_310.java:1339)
	at knot//net.minecraft.class_310.method_1514$mixinextras$wrapped$306(class_310.java:966)
	at knot//net.minecraft.class_310.mixinextras$bridge$method_1514$mixinextras$wrapped$306$307(class_310.java)
	at knot//net.minecraft.class_310.wrapMethod$zoh000$fabric-client-gametest-api-v1$onRun(class_310.java:5164)
	at knot//net.minecraft.class_310.method_1514(class_310.java)
	at knot//net.minecraft.client.main.Main.main(Main.java:250)
	at net.fabricmc.loader.impl.game.minecraft.MinecraftGameProvider.launch(MinecraftGameProvider.java:514)
	at net.fabricmc.loader.impl.launch.knot.Knot.launch(Knot.java:72)
	at net.fabricmc.loader.impl.launch.knot.KnotClient.main(KnotClient.java:23)
[23:35:56] [Render thread/INFO]: Created: 512x256x0 minecraft:textures/atlas/particles.png-atlas
[23:35:56] [Render thread/INFO]: Created: 128x128x0 minecraft:textures/atlas/decorated_pot.png-atlas
[23:35:56] [Render thread/INFO]: Created: 2048x1024x0 minecraft:textures/atlas/armor_trims.png-atlas
[23:35:56] [Render thread/INFO]: Created: 512x256x0 minecraft:textures/atlas/paintings.png-atlas
[23:35:56] [Render thread/INFO]: Created: 1024x512x0 minecraft:textures/atlas/shield_patterns.png-atlas
[23:35:56] [Render thread/INFO]: Created: 4096x2048x4 minecraft:textures/atlas/blocks.png-atlas
[23:35:56] [Render thread/INFO]: Created: 512x512x0 minecraft:textures/atlas/chest.png-atlas
[23:35:56] [Render thread/INFO]: Created: 256x128x0 minecraft:textures/atlas/celestials.png-atlas
[23:35:56] [Render thread/INFO]: Created: 1024x512x0 minecraft:textures/atlas/banner_patterns.png-atlas
[23:35:56] [Render thread/INFO]: Created: 512x512x0 minecraft:textures/atlas/beds.png-atlas
[23:35:56] [Render thread/INFO]: Created: 1024x1024x0 minecraft:textures/atlas/items.png-atlas
[23:35:56] [Render thread/INFO]: Created: 1024x1024x0 minecraft:textures/atlas/gui.png-atlas
[23:35:56] [Render thread/INFO]: Created: 128x64x0 minecraft:textures/atlas/map_decorations.png-atlas
[23:35:56] [Render thread/INFO]: Created: 512x256x0 minecraft:textures/atlas/signs.png-atlas
[23:35:56] [Render thread/INFO]: Created: 512x512x0 minecraft:textures/atlas/shulker_boxes.png-atlas
[23:35:56] [Render thread/INFO]: 29675 cache(s) were cleared!
[23:35:59] [Render thread/INFO]: Loaded 1470 recipes
[23:35:59] [Render thread/INFO]: Loaded 1584 advancements
[23:35:59] [Render thread/INFO]: World loading finished: null screen: net.minecraft.class_424@123ee5e9
[23:36:00] [Render thread/INFO]: Applied 0 biome modifications to 0 of 65 new biomes in 1.489 ms
[23:36:00] [Server thread/INFO]: Starting integrated minecraft server version 1.21.11
[23:36:00] [Server thread/INFO]: Generating keypair
[23:36:00] [Server thread/INFO]: Enforcing safe world random access
[23:36:00] [Server thread/INFO]: [STDOUT]: Density function compilation finished in 88.22 ms
[23:36:00] [Server thread/INFO]: Using TheSpeedyObjectFactory with Unsafe
[23:36:00] [Server thread/INFO]: Selecting global world spawn...
[23:36:01] [Server thread/INFO]: [STDOUT]: Density function compilation finished in 19.98 ms
[23:36:01] [Server thread/INFO]: [STDOUT]: Density function compilation finished in 21.56 ms
[23:36:01] [Server thread/INFO]: Loading 0 persistent chunks...
[23:36:01] [Server thread/INFO]: Preparing spawn area: 16%
[23:36:01] [Render thread/INFO]: World loading finished: null screen: net.minecraft.class_3928@63c17f0
[23:36:01] [Render thread/INFO]: World loading finished: null screen: net.minecraft.class_3928@63c17f0
[23:36:02] [Render thread/INFO]: World loading finished: null screen: net.minecraft.class_3928@63c17f0
[23:36:02] [Server thread/INFO]: Loading 0 chunks for player spawn...
[23:36:02] [Server thread/INFO]: Preparing spawn area: 16%
[23:36:02] [Render thread/INFO]: World loading finished: null screen: net.minecraft.class_3928@63c17f0
[23:36:02] [Server thread/INFO]: Preparing spawn area: 16%
[23:36:02] [Render thread/INFO]: World loading finished: null screen: net.minecraft.class_3928@63c17f0
[23:36:02] [Server thread/INFO]: Preparing spawn area: 16%
[23:36:03] [Render thread/INFO]: World loading finished: null screen: net.minecraft.class_3928@63c17f0
[23:36:03] [Server thread/INFO]: Preparing spawn area: 16%
[23:36:03] [Render thread/INFO]: World loading finished: null screen: net.minecraft.class_3928@63c17f0
[23:36:03] [Server thread/INFO]: Preparing spawn area: 16%
[23:36:03] [Render thread/INFO]: World loading finished: null screen: net.minecraft.class_3928@63c17f0
[23:36:03] [Server thread/WARN]: Can't keep up! Is the server overloaded? Running 2007ms or 40 ticks behind
[23:36:03] [Server thread/INFO]: Preparing spawn area: 16%
[23:36:04] [Render thread/INFO]: World loading finished: null screen: net.minecraft.class_3928@63c17f0
[23:36:04] [Render thread/INFO]: World loading finished: null screen: net.minecraft.class_3928@63c17f0
[23:36:04] [Server thread/INFO]: Preparing spawn area: 16%
[23:36:04] [Render thread/INFO]: World loading finished: null screen: net.minecraft.class_3928@63c17f0
[23:36:04] [Server thread/INFO]: Preparing spawn area: 16%
[23:36:04] [Render thread/INFO]: World loading finished: null screen: net.minecraft.class_3928@63c17f0
[23:36:05] [Render thread/INFO]: World loading finished: null screen: net.minecraft.class_3928@63c17f0
[23:36:05] [Render thread/INFO]: World loading finished: null screen: net.minecraft.class_3928@63c17f0
[23:36:05] [Server thread/INFO]: Preparing spawn area: 16%
[23:36:05] [Server thread/INFO]: Time elapsed: 4713 ms
[23:36:05] [Render thread/INFO]: World loading finished: null screen: net.minecraft.class_3928@63c17f0
[23:36:05] [Server thread/INFO]: Player776[local:E:3b4868c8] logged in with entity id 1 at (3.5, -60.0, 3.5)
[23:36:05] [Server thread/INFO]: Player776 joined the game
[23:36:06] [Server thread/INFO]: Changing view distance to 5, from 10
[23:36:06] [Server thread/INFO]: Changing simulation distance to 12, from 0
[23:36:06] [Render thread/INFO]: Started 1 worker threads
[23:36:06] [Render thread/INFO]: Loaded 2 advancements
[23:36:06] [Render thread/INFO]: World loading finished: ClientLevel screen: net.minecraft.class_3928@63c17f0
[23:36:06] [Render thread/INFO]: Resizing Dynamic Transforms UBO, capacity limit of 2 reached during a single frame. New capacity will be 4.
[23:36:06] [Render thread/INFO]: World loading finished: ClientLevel screen: null
[23:36:07] [Render thread/INFO]: Resizing Dynamic Transforms UBO, capacity limit of 4 reached during a single frame. New capacity will be 8.
[23:36:10] [Server thread/INFO]: Set the time to 6000
[23:36:10] [Server thread/INFO]: Set the weather to clear
[23:36:10] [Server thread/INFO]: Player776 has made the advancement [Cover Me with Diamonds]
[23:36:10] [Server thread/INFO]: Replaced a slot on Player776 with [Diamond Helmet]
[23:36:10] [Server thread/INFO]: Replaced a slot on Player776 with [Diamond Chestplate]
[23:36:10] [Server thread/INFO]: Player776 has made the advancement [Suit Up]
[23:36:10] [Server thread/INFO]: Replaced a slot on Player776 with [Iron Leggings]
[23:36:10] [Server thread/INFO]: Replaced a slot on Player776 with [Golden Boots]
[23:36:10] [Server thread/INFO]: Replaced a slot on Player776 with [Diamond Sword]
[23:36:10] [Server thread/INFO]: Replaced a slot on Player776 with [Steak]
[23:36:10] [Server thread/INFO]: Gave 16 [Ender Pearl] to Player776
[23:36:10] [Server thread/INFO]: Gave 12 [Golden Apple] to Player776
[23:36:10] [Server thread/INFO]: Gave 2 [Totem of Undying] to Player776
[23:36:10] [Server thread/INFO]: Gave 5 [Splash Uncraftable Potion] to Player776
[23:36:10] [Server thread/INFO]: Gave 64 [Arrow] to Player776
[23:36:10] [Server thread/INFO]: Player776 has made the advancement [Stone Age]
[23:36:10] [Server thread/INFO]: Gave 64 [Cobblestone] to Player776
[23:36:10] [Server thread/INFO]: Created new objective [FreedomClient]
[23:36:10] [Server thread/INFO]: Set display slot sidebar to show objective FreedomClient
[23:36:10] [Server thread/INFO]: Set [FreedomClient] for Kills to 12
[23:36:10] [Server thread/INFO]: Set [FreedomClient] for Deaths to 2
[23:36:10] [Server thread/INFO]: Set [FreedomClient] for Streak to 5
[23:36:10] [Server thread/INFO]: Applied effect Speed to Player776
[23:36:10] [Server thread/INFO]: Applied effect Strength to Player776
[23:36:10] [Server thread/INFO]: Applied effect Fire Resistance to Player776
[23:36:10] [Server thread/INFO]: Successfully filled 32 block(s)
[23:36:10] [Server thread/INFO]: Changed the block at 0, -60, 7
[23:36:10] [Server thread/INFO]: Changed the block at 9, -60, 13
[23:36:10] [Server thread/INFO]: Summoned new Diamond Sword
[23:36:10] [Server thread/INFO]: Summoned new Golden Apple
[23:36:10] [Server thread/INFO]: Summoned new Armor Stand
[23:36:10] [Render thread/INFO]: [System] [CHAT] [Player776 head] Player776 has made the advancement [Cover Me with Diamonds]
[23:36:10] [Render thread/INFO]: [System] [CHAT] [Player776 head] Player776 has made the advancement [Suit Up]
[23:36:10] [Render thread/INFO]: [System] [CHAT] [Player776 head] Player776 has made the advancement [Stone Age]
[23:36:10] [Render thread/INFO]: Loaded 31 advancements
[23:36:10] [Render thread/INFO]: Resizing Dynamic Transforms UBO, capacity limit of 8 reached during a single frame. New capacity will be 16.
[23:36:32] [Server thread/WARN]: Can't keep up! Is the server overloaded? Running 13295ms or 265 ticks behind
[23:36:39] [Server thread/INFO]: Teleported Player776 to 3.500000, -60.000000, 9.580000
[23:36:51] [Server thread/WARN]: Can't keep up! Is the server overloaded? Running 4070ms or 81 ticks behind
[23:37:00] [Server thread/INFO]: Teleported Player776 to 3.500000, -60.000000, 9.330000
[23:37:00] [Server thread/INFO]: Teleported Player776 to 3.500000, -60.000000, 9.080000
[23:37:00] [Server thread/INFO]: Teleported Player776 to 3.500000, -60.000000, 8.830000
[23:37:00] [Server thread/INFO]: Teleported Player776 to 3.500000, -60.000000, 8.580000
[23:37:00] [Server thread/INFO]: Teleported Player776 to 3.500000, -60.000000, 8.330000
[23:37:00] [Server thread/INFO]: Teleported Player776 to 3.500000, -60.000000, 8.080000
[23:37:00] [Server thread/INFO]: Teleported Player776 to 3.500000, -60.000000, 7.830000
[23:37:00] [Server thread/INFO]: Teleported Player776 to 3.500000, -60.000000, 7.580000
[23:37:00] [Server thread/INFO]: Teleported Player776 to 3.500000, -60.000000, 7.330000
[23:37:00] [Server thread/INFO]: Teleported Player776 to 3.500000, -60.000000, 7.080000
[23:37:00] [Server thread/INFO]: Teleported Player776 to 3.500000, -60.000000, 6.830000
[23:37:00] [Server thread/INFO]: Teleported Player776 to 3.500000, -60.000000, 6.580000
[23:37:00] [Server thread/INFO]: Teleported Player776 to 3.500000, -60.000000, 6.330000
[23:37:00] [Server thread/INFO]: Teleported Player776 to 3.500000, -60.000000, 6.080000
[23:37:01] [Server thread/INFO]: Teleported Player776 to 3.500000, -60.000000, 6.330000
[23:37:01] [Server thread/INFO]: Teleported Player776 to 3.500000, -60.000000, 6.580000
[23:37:01] [Server thread/INFO]: Teleported Player776 to 3.500000, -60.000000, 6.830000
[23:37:01] [Server thread/INFO]: Teleported Player776 to 3.500000, -60.000000, 7.080000
[23:37:01] [Server thread/INFO]: Teleported Player776 to 3.500000, -60.000000, 7.330000
[23:37:01] [Server thread/INFO]: Teleported Player776 to 3.500000, -60.000000, 7.580000
[23:37:01] [Server thread/INFO]: Teleported Player776 to 3.500000, -60.000000, 7.830000
[23:37:01] [Server thread/INFO]: Teleported Player776 to 3.500000, -60.000000, 8.080000
[23:37:01] [Server thread/INFO]: Teleported Player776 to 3.500000, -60.000000, 8.330000
[23:37:01] [Server thread/INFO]: Teleported Player776 to 3.500000, -60.000000, 8.580000
[23:37:01] [Server thread/INFO]: Teleported Player776 to 3.500000, -60.000000, 8.830000
[23:37:01] [Server thread/INFO]: Teleported Player776 to 3.500000, -60.000000, 9.080000
[23:37:01] [Server thread/INFO]: Teleported Player776 to 3.500000, -60.000000, 9.330000
[23:37:01] [Server thread/INFO]: Teleported Player776 to 3.500000, -60.000000, 9.580000
[23:37:02] [Server thread/INFO]: Player776 has reached the goal [Sky's the Limit]
[23:37:02] [Server thread/INFO]: Replaced a slot on Player776 with [Elytra]
[23:37:03] [Render thread/INFO]: [System] [CHAT] [Player776 head] Player776 has reached the goal [Sky's the Limit]
[23:37:03] [Render thread/INFO]: Loaded 36 advancements
[23:37:03] [Render thread/INFO]: Resizing Dynamic Transforms UBO, capacity limit of 16 reached during a single frame. New capacity will be 32.
[23:37:04] [Server thread/INFO]: Replaced a slot on Player776 with [Air]
[23:37:08] [Server thread/INFO]: Replaced a slot on Player776 with [Iron Helmet]
[23:37:08] [Server thread/INFO]: Replaced a slot on Player776 with [Diamond Chestplate]
[23:37:09] [Server thread/INFO]: Replaced a slot on Player776 with [Air]
[23:37:09] [Server thread/INFO]: Replaced a slot on Player776 with [Elytra]
[23:37:10] [Server thread/WARN]: Can't keep up! Is the server overloaded? Running 4052ms or 81 ticks behind
[23:37:10] [Server thread/INFO]: Replaced a slot on Player776 with [Air]
[23:37:25] [Server thread/INFO]: Saving and pausing game...
[23:37:25] [Server thread/INFO]: Saving chunks for level 'ServerLevel[New World]'/minecraft:overworld
[23:37:25] [Server thread/INFO]: Saving chunks for level 'ServerLevel[New World]'/minecraft:the_end
[23:37:25] [Server thread/INFO]: Saving chunks for level 'ServerLevel[New World]'/minecraft:the_nether
[23:37:27] [Render thread/INFO]: Changing view distance to 5 (play stage)
[23:37:27] [Server thread/INFO]: Replaced a slot on Player776 with [Golden Apple]
[23:37:28] [Render thread/INFO]: Reloading ResourceManager: vanilla, c2me, cloth-config, conditional-mixin, continuity, debugify, fabric-api, fabric-api-base, fabric-api-lookup-api-v1, fabric-biome-api-v1, fabric-block-api-v1, fabric-block-view-api-v2, fabric-client-gametest-api-v1, fabric-command-api-v2, fabric-content-registries-v0, fabric-convention-tags-v1, fabric-convention-tags-v2, fabric-crash-report-info-v1, fabric-data-attachment-api-v1, fabric-data-generation-api-v1, fabric-dimensions-v1, fabric-entity-events-v1, fabric-events-interaction-v0, fabric-game-rule-api-v1, fabric-item-api-v1, fabric-item-group-api-v1, fabric-key-binding-api-v1, fabric-lifecycle-events-v1, fabric-loot-api-v2, fabric-loot-api-v3, fabric-message-api-v1, fabric-model-loading-api-v1, fabric-networking-api-v1, fabric-object-builder-api-v1, fabric-particles-v1, fabric-recipe-api-v1, fabric-registry-sync-v0, fabric-renderer-api-v1, fabric-renderer-indigo, fabric-rendering-fluids-v1, fabric-rendering-v1, fabric-resource-conditions-api-v1, fabric-resource-loader-v0, fabric-resource-loader-v1, fabric-screen-api-v1, fabric-screen-handler-api-v1, fabric-serialization-api-v1, fabric-sound-api-v1, fabric-tag-api-v1, fabric-transfer-api-v1, fabric-transitive-access-wideners-v1, fabricloader, freedomclient, immediatelyfast, krypton, lithium, moreculling, sodium, sodium-extra, yet_another_config_lib_v3, freedomclient_pack
[23:37:28] [Worker-Main-7/INFO]: Found unifont_all_no_pua-17.0.01.hex, loading
[23:37:28] [Server thread/INFO]: Saving and pausing game...
[23:37:28] [Server thread/INFO]: Saving chunks for level 'ServerLevel[New World]'/minecraft:overworld
[23:37:28] [Server thread/INFO]: Saving chunks for level 'ServerLevel[New World]'/minecraft:the_end
[23:37:28] [Server thread/INFO]: Saving chunks for level 'ServerLevel[New World]'/minecraft:the_nether
[23:37:28] [Worker-Main-7/INFO]: Found unifont_jp_patch-17.0.01.hex, loading
[23:37:28] [Worker-Main-7/INFO]: Found unifont_pua-17.0.01.hex, loading
[23:37:29] [Render thread/ERROR]: Error starting SoundSystem. Turning off sounds & music
java.lang.IllegalStateException: Failed to open OpenAL device
	at knot//net.minecraft.class_4225.method_38501(class_4225.java:292)
	at knot//net.minecraft.class_4225.method_19661(class_4225.java:150)
	at knot//net.minecraft.class_1140.method_4846(class_1140.java:119)
	at knot//net.minecraft.class_1140.method_4837(class_1140.java:109)
	at knot//net.minecraft.class_1144.method_18182(class_1144.java:122)
	at knot//net.minecraft.class_1144.method_18788(class_1144.java:41)
	at knot//net.minecraft.class_4080.method_18790(class_4080.java:15)
	at java.base/java.util.concurrent.CompletableFuture$UniAccept.tryFire(CompletableFuture.java:718)
	at java.base/java.util.concurrent.CompletableFuture$Completion.run(CompletableFuture.java:482)
	at knot//net.minecraft.class_4014.method_67574(class_4014.java:59)
	at knot//net.minecraft.class_1255.method_18859(class_1255.java:169)
	at knot//net.minecraft.class_4093.method_18859(class_4093.java:23)
	at knot//net.minecraft.class_1255.method_16075(class_1255.java:143)
	at knot//net.minecraft.class_1255.method_5383(class_1255.java:124)
	at knot//net.minecraft.class_310.method_1523(class_310.java:1339)
	at knot//net.minecraft.class_310.method_1514$mixinextras$wrapped$306(class_310.java:966)
	at knot//net.minecraft.class_310.mixinextras$bridge$method_1514$mixinextras$wrapped$306$307(class_310.java)
	at knot//net.minecraft.class_310.wrapMethod$zoh000$fabric-client-gametest-api-v1$onRun(class_310.java:5164)
	at knot//net.minecraft.class_310.method_1514(class_310.java)
	at knot//net.minecraft.client.main.Main.main(Main.java:250)
	at net.fabricmc.loader.impl.game.minecraft.MinecraftGameProvider.launch(MinecraftGameProvider.java:514)
	at net.fabricmc.loader.impl.launch.knot.Knot.launch(Knot.java:72)
	at net.fabricmc.loader.impl.launch.knot.KnotClient.main(KnotClient.java:23)
[23:37:29] [Render thread/INFO]: Created: 512x256x0 minecraft:textures/atlas/particles.png-atlas
[23:37:29] [Render thread/INFO]: Created: 128x128x0 minecraft:textures/atlas/decorated_pot.png-atlas
[23:37:29] [Render thread/INFO]: Created: 2048x1024x0 minecraft:textures/atlas/armor_trims.png-atlas
[23:37:29] [Render thread/INFO]: Created: 512x256x0 minecraft:textures/atlas/paintings.png-atlas
[23:37:29] [Render thread/INFO]: Created: 1024x512x0 minecraft:textures/atlas/shield_patterns.png-atlas
[23:37:29] [Render thread/INFO]: Created: 4096x2048x4 minecraft:textures/atlas/blocks.png-atlas
[23:37:30] [Render thread/INFO]: Created: 512x512x0 minecraft:textures/atlas/chest.png-atlas
[23:37:30] [Render thread/INFO]: Created: 256x128x0 minecraft:textures/atlas/celestials.png-atlas
[23:37:30] [Render thread/INFO]: Created: 1024x512x0 minecraft:textures/atlas/banner_patterns.png-atlas
[23:37:30] [Render thread/INFO]: Created: 512x512x0 minecraft:textures/atlas/beds.png-atlas
[23:37:30] [Render thread/INFO]: Created: 1024x1024x0 minecraft:textures/atlas/items.png-atlas
[23:37:30] [Render thread/INFO]: Created: 1024x1024x0 minecraft:textures/atlas/gui.png-atlas
[23:37:30] [Render thread/INFO]: Created: 128x64x0 minecraft:textures/atlas/map_decorations.png-atlas
[23:37:30] [Render thread/INFO]: Created: 512x256x0 minecraft:textures/atlas/signs.png-atlas
[23:37:30] [Render thread/INFO]: Created: 512x512x0 minecraft:textures/atlas/shulker_boxes.png-atlas
[23:37:30] [Render thread/INFO]: 29675 cache(s) were cleared!
[23:37:30] [Render thread/INFO]: Stopping worker threads
[23:37:30] [Render thread/INFO]: Started 1 worker threads
[23:37:32] [Server thread/WARN]: Can't keep up! Is the server overloaded? Running 7570ms or 151 ticks behind
[23:37:33] [Render thread/INFO]: Reloading ResourceManager: vanilla, c2me, cloth-config, conditional-mixin, continuity, debugify, fabric-api, fabric-api-base, fabric-api-lookup-api-v1, fabric-biome-api-v1, fabric-block-api-v1, fabric-block-view-api-v2, fabric-client-gametest-api-v1, fabric-command-api-v2, fabric-content-registries-v0, fabric-convention-tags-v1, fabric-convention-tags-v2, fabric-crash-report-info-v1, fabric-data-attachment-api-v1, fabric-data-generation-api-v1, fabric-dimensions-v1, fabric-entity-events-v1, fabric-events-interaction-v0, fabric-game-rule-api-v1, fabric-item-api-v1, fabric-item-group-api-v1, fabric-key-binding-api-v1, fabric-lifecycle-events-v1, fabric-loot-api-v2, fabric-loot-api-v3, fabric-message-api-v1, fabric-model-loading-api-v1, fabric-networking-api-v1, fabric-object-builder-api-v1, fabric-particles-v1, fabric-recipe-api-v1, fabric-registry-sync-v0, fabric-renderer-api-v1, fabric-renderer-indigo, fabric-rendering-fluids-v1, fabric-rendering-v1, fabric-resource-conditions-api-v1, fabric-resource-loader-v0, fabric-resource-loader-v1, fabric-screen-api-v1, fabric-screen-handler-api-v1, fabric-serialization-api-v1, fabric-sound-api-v1, fabric-tag-api-v1, fabric-transfer-api-v1, fabric-transitive-access-wideners-v1, fabricloader, freedomclient, immediatelyfast, krypton, lithium, moreculling, sodium, sodium-extra, yet_another_config_lib_v3, freedomclient_pack
[23:37:33] [Server thread/INFO]: Saving and pausing game...
[23:37:33] [Worker-Main-13/INFO]: Found unifont_all_no_pua-17.0.01.hex, loading
[23:37:33] [Server thread/INFO]: Saving chunks for level 'ServerLevel[New World]'/minecraft:overworld
[23:37:33] [Server thread/INFO]: Saving chunks for level 'ServerLevel[New World]'/minecraft:the_end
[23:37:33] [Server thread/INFO]: Saving chunks for level 'ServerLevel[New World]'/minecraft:the_nether
[23:37:33] [Worker-Main-13/INFO]: Found unifont_jp_patch-17.0.01.hex, loading
[23:37:33] [Worker-Main-13/INFO]: Found unifont_pua-17.0.01.hex, loading
[23:37:34] [Render thread/ERROR]: Error starting SoundSystem. Turning off sounds & music
java.lang.IllegalStateException: Failed to open OpenAL device
	at knot//net.minecraft.class_4225.method_38501(class_4225.java:292)
	at knot//net.minecraft.class_4225.method_19661(class_4225.java:150)
	at knot//net.minecraft.class_1140.method_4846(class_1140.java:119)
	at knot//net.minecraft.class_1140.method_4837(class_1140.java:109)
	at knot//net.minecraft.class_1144.method_18182(class_1144.java:122)
	at knot//net.minecraft.class_1144.method_18788(class_1144.java:41)
	at knot//net.minecraft.class_4080.method_18790(class_4080.java:15)
	at java.base/java.util.concurrent.CompletableFuture$UniAccept.tryFire(CompletableFuture.java:718)
	at java.base/java.util.concurrent.CompletableFuture$Completion.run(CompletableFuture.java:482)
	at knot//net.minecraft.class_4014.method_67574(class_4014.java:59)
	at knot//net.minecraft.class_1255.method_18859(class_1255.java:169)
	at knot//net.minecraft.class_4093.method_18859(class_4093.java:23)
	at knot//net.minecraft.class_1255.method_16075(class_1255.java:143)
	at knot//net.minecraft.class_1255.method_5383(class_1255.java:124)
	at knot//net.minecraft.class_310.method_1523(class_310.java:1339)
	at knot//net.minecraft.class_310.method_1514$mixinextras$wrapped$306(class_310.java:966)
	at knot//net.minecraft.class_310.mixinextras$bridge$method_1514$mixinextras$wrapped$306$307(class_310.java)
	at knot//net.minecraft.class_310.wrapMethod$zoh000$fabric-client-gametest-api-v1$onRun(class_310.java:5164)
	at knot//net.minecraft.class_310.method_1514(class_310.java)
	at knot//net.minecraft.client.main.Main.main(Main.java:250)
	at net.fabricmc.loader.impl.game.minecraft.MinecraftGameProvider.launch(MinecraftGameProvider.java:514)
	at net.fabricmc.loader.impl.launch.knot.Knot.launch(Knot.java:72)
	at net.fabricmc.loader.impl.launch.knot.KnotClient.main(KnotClient.java:23)
[23:37:34] [Render thread/INFO]: Created: 512x256x0 minecraft:textures/atlas/particles.png-atlas
[23:37:34] [Render thread/INFO]: Created: 128x128x0 minecraft:textures/atlas/decorated_pot.png-atlas
[23:37:34] [Render thread/INFO]: Created: 2048x1024x0 minecraft:textures/atlas/armor_trims.png-atlas
[23:37:34] [Render thread/INFO]: Created: 512x256x0 minecraft:textures/atlas/paintings.png-atlas
[23:37:34] [Render thread/INFO]: Created: 1024x512x0 minecraft:textures/atlas/shield_patterns.png-atlas
[23:37:34] [Render thread/INFO]: Created: 4096x2048x4 minecraft:textures/atlas/blocks.png-atlas
[23:37:34] [Render thread/INFO]: Created: 512x512x0 minecraft:textures/atlas/chest.png-atlas
[23:37:34] [Render thread/INFO]: Created: 256x128x0 minecraft:textures/atlas/celestials.png-atlas
[23:37:34] [Render thread/INFO]: Created: 1024x512x0 minecraft:textures/atlas/banner_patterns.png-atlas
[23:37:34] [Render thread/INFO]: Created: 512x512x0 minecraft:textures/atlas/beds.png-atlas
[23:37:34] [Render thread/INFO]: Created: 1024x1024x0 minecraft:textures/atlas/items.png-atlas
[23:37:34] [Render thread/INFO]: Created: 1024x1024x0 minecraft:textures/atlas/gui.png-atlas
[23:37:34] [Render thread/INFO]: Created: 128x64x0 minecraft:textures/atlas/map_decorations.png-atlas
[23:37:34] [Render thread/INFO]: Created: 512x256x0 minecraft:textures/atlas/signs.png-atlas
[23:37:34] [Render thread/INFO]: Created: 512x512x0 minecraft:textures/atlas/shulker_boxes.png-atlas
[23:37:34] [Render thread/INFO]: 29675 cache(s) were cleared!
[23:37:35] [Render thread/INFO]: Stopping worker threads
[23:37:35] [Render thread/INFO]: Started 1 worker threads
[23:37:38] [Server thread/INFO]: Replaced a slot on Player776 with [Diamond Sword]
[23:37:39] [Server thread/INFO]: Replaced a slot on Player776 with [Totem of Undying]
[23:37:39] [Server thread/INFO]: Player776 has reached the goal [Postmortal]
[23:37:39] [Server thread/INFO]: Applied 60.0 damage to Player776
[23:37:39] [Render thread/INFO]: [System] [CHAT] [Player776 head] Player776 has reached the goal [Postmortal]
[23:37:39] [Render thread/INFO]: Loaded 39 advancements
[23:37:42] [Server thread/INFO]: Summoned new Iron Golem
[23:37:42] [Server thread/INFO]: Killed Iron Golem
[23:37:42] [Server thread/INFO]: Summoned new Slime
[23:37:44] [Server thread/INFO]: Teleported Slime to 0.000000, -300.000000, 0.000000
[23:37:48] [Server thread/INFO]: Saving and pausing game...
[23:37:48] [Server thread/INFO]: Saving chunks for level 'ServerLevel[New World]'/minecraft:overworld
[23:37:48] [Server thread/INFO]: Saving chunks for level 'ServerLevel[New World]'/minecraft:the_end
[23:37:48] [Server thread/INFO]: Saving chunks for level 'ServerLevel[New World]'/minecraft:the_nether
[23:37:49] [Render thread/ERROR]: ########## GL ERROR ##########
[23:37:49] [Render thread/ERROR]: @ Render
[23:37:49] [Render thread/ERROR]: 65547: X11: Standard cursor shape unavailable
[23:37:54] [Render thread/INFO]: Resizing Dynamic Transforms UBO, capacity limit of 32 reached during a single frame. New capacity will be 64.
[23:37:58] [Server thread/WARN]: Can't keep up! Is the server overloaded? Running 10660ms or 213 ticks behind
[23:38:10] [Server thread/INFO]: Teleported Player776 to 3.500000, -60.000000, 15.980000
[23:38:10] [Server thread/INFO]: Successfully filled 9 block(s)
[23:38:10] [Server thread/INFO]: Successfully filled 9 block(s)
[23:38:12] [Server thread/INFO]: Successfully filled 18 block(s)
[23:38:16] [Render thread/INFO]: Stopping worker threads
[23:38:16] [Render thread/INFO]: Started 1 worker threads
[23:38:16] [Render thread/INFO]: Stopping worker threads
[23:38:16] [Render thread/INFO]: Started 1 worker threads
[23:38:16] [Render thread/INFO]: Changing view distance to 5 (play stage)
[23:38:16] [Render thread/INFO]: Ajustes de rendimiento aplicados
[23:38:16] [Server thread/INFO]: Changing simulation distance to 8, from 12
[23:38:16] [Server thread/INFO]: Player776 lost connection: Disconnected
[23:38:16] [Server thread/INFO]: Player776 left the game
[23:38:16] [Server thread/INFO]: Stopping singleplayer server as player logged out
[23:38:16] [Server thread/INFO]: Stopping server
[23:38:16] [Server thread/INFO]: Saving players
[23:38:16] [Server thread/INFO]: Saving worlds
[23:38:16] [Server thread/INFO]: ServerLevel[New World]/minecraft:overworld: waiting for 2167 chunks to unload
[23:38:17] [Server thread/INFO]: Saving chunks for level 'ServerLevel[New World]'/minecraft:overworld
[23:38:17] [Server thread/INFO]: Saving chunks for level 'ServerLevel[New World]'/minecraft:the_end
[23:38:17] [Server thread/INFO]: Saving chunks for level 'ServerLevel[New World]'/minecraft:the_nether
[23:38:17] [Server thread/INFO]: ThreadedAnvilChunkStorage (New World): All chunks are saved
[23:38:17] [Server thread/INFO]: ThreadedAnvilChunkStorage (DIM1): All chunks are saved
[23:38:17] [Server thread/INFO]: ThreadedAnvilChunkStorage (DIM-1): All chunks are saved
[23:38:17] [Server thread/INFO]: ThreadedAnvilChunkStorage: All dimensions are saved
[23:38:17] [C2ME Storage #3/INFO]: Storage thread Thread[#80,C2ME Storage #3,5,main] stopped
[23:38:17] [C2ME Storage #2/INFO]: Storage thread Thread[#79,C2ME Storage #2,5,main] stopped
[23:38:17] [C2ME Storage #1/INFO]: Storage thread Thread[#78,C2ME Storage #1,5,main] stopped
[23:38:17] [C2ME Storage #6/INFO]: Storage thread Thread[#86,C2ME Storage #6,5,main] stopped
[23:38:17] [C2ME Storage #5/INFO]: Storage thread Thread[#85,C2ME Storage #5,5,main] stopped
[23:38:17] [C2ME Storage #4/INFO]: Storage thread Thread[#84,C2ME Storage #4,5,main] stopped
[23:38:17] [C2ME Storage #9/INFO]: Storage thread Thread[#89,C2ME Storage #9,5,main] stopped
[23:38:17] [C2ME Storage #8/INFO]: Storage thread Thread[#88,C2ME Storage #8,5,main] stopped
[23:38:17] [C2ME Storage #7/INFO]: Storage thread Thread[#87,C2ME Storage #7,5,main] stopped
[23:38:17] [Render thread/INFO]: Stopping worker threads
[23:38:17] [Render thread/INFO]: Stopping!
