[22:54:55] [main/INFO]: Loading Minecraft 1.21.11 with Fabric Loader 0.19.5
[22:54:55] [main/INFO]: Fabric is preparing JARs on first launch, this may take a few seconds...
[22:54:55] [main/WARN]: Warnings were found!
 - Mod 'Debugify' (debugify) 1.21.11+1.1 recommends any version of modmenu, which is missing!
	 - You should install any version of modmenu for the optimal experience.
[22:54:55] [main/INFO]: Loading 104 mods:
	- fabricloader 0.19.5
	   \-- mixinextras 0.5.5
	- freedomclient 0.1.0
	   |-- c2me 0.4.0-alpha.0.27+1.21.11
	   |    |-- c2me-base 0.4.0-alpha.0.27+1.21.11
	   |    |-- c2me-client-uncapvd 0.4.0-alpha.0.27+1.21.11
	   |    |-- c2me-fixes-chunkio-threading-issues 0.4.0-alpha.0.27+1.21.11
	   |    |-- c2me-fixes-general-threading-issues 0.4.0-alpha.0.27+1.21.11
	   |    |-- c2me-fixes-worldgen-threading-issues 0.4.0-alpha.0.27+1.21.11
	   |    |-- c2me-fixes-worldgen-vanilla-bugs 0.4.0-alpha.0.27+1.21.11
	   |    |-- c2me-notickvd 0.4.0-alpha.0.27+1.21.11
	   |    |-- c2me-opts-allocs 0.4.0-alpha.0.27+1.21.11
	   |    |-- c2me-opts-chunkio 0.4.0-alpha.0.27+1.21.11
	   |    |-- c2me-opts-dfc 0.4.0-alpha.0.27+1.21.11
	   |    |-- c2me-opts-math 0.4.0-alpha.0.27+1.21.11
	   |    |-- c2me-opts-scheduling 0.4.0-alpha.0.27+1.21.11
	   |    |-- c2me-opts-worldgen-general 0.4.0-alpha.0.27+1.21.11
	   |    |-- c2me-opts-worldgen-vanilla 0.4.0-alpha.0.27+1.21.11
	   |    |-- c2me-rewrites-chunk-serializer 0.4.0-alpha.0.27+1.21.11
	   |    |-- c2me-rewrites-chunk-system 0.4.0-alpha.0.27+1.21.11
	   |    |-- c2me-rewrites-chunkio 0.4.0-alpha.0.27+1.21.11
	   |    |-- c2me-server-utils 0.4.0-alpha.0.27+1.21.11
	   |    |-- c2me-threading-lighting 0.4.0-alpha.0.27+1.21.11
	   |    |-- com_electronwill_night-config_core 3.6.5
	   |    |-- com_electronwill_night-config_toml 3.6.5
	   |    |-- com_github_ben-manes_caffeine_caffeine 3.2.1
	   |    |-- com_ibm_async_asyncutil 0.1.0
	   |    |-- io_reactivex_rxjava3_rxjava 3.1.12
	   |    |-- mixinsquared 0.3.7-beta.1
	   |    |-- net_objecthunter_exp4j 0.4.8
	   |    |-- org_jctools_jctools-core 4.0.5
	   |    \-- org_reactivestreams_reactive-streams 1.0.4
	   |-- cloth-config 21.11.153
	   |    \-- cloth-basic-math 0.6.1
	   |-- continuity 3.0.1-beta.1+1.21.11
	   |-- debugify 1.21.11+1.1
	   |-- fabric-api 0.141.6+1.21.11
	   |    |-- fabric-api-base 1.0.5+4ebb5c083e
	   |    |-- fabric-api-lookup-api-v1 1.6.114+20dc27073e
	   |    |-- fabric-biome-api-v1 17.1.1+4fc5413f3e
	   |    |-- fabric-block-api-v1 1.1.10+4ebb5c083e
	   |    |-- fabric-block-view-api-v2 1.0.39+4ebb5c083e
	   |    |-- fabric-command-api-v2 2.4.7+6b42a6003e
	   |    |-- fabric-content-registries-v0 10.2.14+4fc5413f3e
	   |    |-- fabric-convention-tags-v1 2.1.55+7f945d5b3e
	   |    |-- fabric-convention-tags-v2 2.17.3+8ef948ba3e
	   |    |-- fabric-crash-report-info-v1 0.3.23+4ebb5c083e
	   |    |-- fabric-data-attachment-api-v1 1.8.48+eed0806f3e
	   |    |-- fabric-data-generation-api-v1 23.5.0+88d7da613e
	   |    |-- fabric-dimensions-v1 4.0.28+4fc5413f3e
	   |    |-- fabric-entity-events-v1 3.1.1+1d0ab4303e
	   |    |-- fabric-events-interaction-v0 4.1.1+3b89ecf63e
	   |    |-- fabric-game-rule-api-v1 2.0.3+4fc5413f3e
	   |    |-- fabric-item-api-v1 11.6.0+67f17bb43e
	   |    |-- fabric-item-group-api-v1 4.2.36+4fc5413f3e
	   |    |-- fabric-key-binding-api-v1 1.1.7+4fc5413f3e
	   |    |-- fabric-lifecycle-events-v1 2.6.15+4ebb5c083e
	   |    |-- fabric-loot-api-v2 3.0.73+3f89f5a53e
	   |    |-- fabric-loot-api-v3 2.0.20+78c8b4663e
	   |    |-- fabric-message-api-v1 6.1.12+4ebb5c083e
	   |    |-- fabric-model-loading-api-v1 6.0.15+4fc5413f3e
	   |    |-- fabric-networking-api-v1 5.1.6+6b6d71a53e
	   |    |-- fabric-object-builder-api-v1 21.1.40+4fc5413f3e
	   |    |-- fabric-particles-v1 4.2.12+4fc5413f3e
	   |    |-- fabric-recipe-api-v1 8.2.4+4ebb5c083e
	   |    |-- fabric-registry-sync-v0 6.2.6+1718722b3e
	   |    |-- fabric-renderer-api-v1 8.0.3+f4ffd2e53e
	   |    |-- fabric-renderer-indigo 5.0.3+f4ffd2e53e
	   |    |-- fabric-rendering-fluids-v1 3.1.43+4ebb5c083e
	   |    |-- fabric-rendering-v1 16.2.10+0290ad933e
	   |    |-- fabric-resource-conditions-api-v1 5.0.35+4fc5413f3e
	   |    |-- fabric-resource-loader-v0 3.3.4+4fc5413f3e
	   |    |-- fabric-resource-loader-v1 1.0.10+78c8b4663e
	   |    |-- fabric-screen-api-v1 3.1.7+4ebb5c083e
	   |    |-- fabric-screen-handler-api-v1 1.3.162+4fc5413f3e
	   |    |-- fabric-serialization-api-v1 1.0.5+4ebb5c083e
	   |    |-- fabric-sound-api-v1 1.0.51+4fc5413f3e
	   |    |-- fabric-tag-api-v1 1.3.0+88d7da613e
	   |    |-- fabric-transfer-api-v1 6.0.25+4fc5413f3e
	   |    \-- fabric-transitive-access-wideners-v1 7.1.0+014c8cec3e
	   |-- fastipping 1.0.12
	   |-- ferritecore 8.2.0
	   |-- immediatelyfast 1.14.3+1.21.11
	   |    \-- net_lenni0451_reflect 1.6.2
	   |-- javazoom_jlayer 1.0.1
	   |-- krypton 0.2.10
	   |    \-- com_velocitypowered_velocity-native 3.4.0-SNAPSHOT
	   |-- lithium 0.21.4+mc1.21.11
	   |-- moreculling 1.6.2
	   |    \-- conditional-mixin 0.6.3
	   |-- mousetweaks 2.30
	   |-- sodium 0.8.14+mc1.21.11
	   |-- sodium-extra 0.9.4+mc1.21.11
	   \-- yet_another_config_lib_v3 3.8.2+1.21.11-fabric
	        |-- com_twelvemonkeys_common_common-image 3.12.0
	        |-- com_twelvemonkeys_common_common-io 3.12.0
	        |-- com_twelvemonkeys_common_common-lang 3.12.0
	        |-- com_twelvemonkeys_imageio_imageio-core 3.12.0
	        |-- com_twelvemonkeys_imageio_imageio-metadata 3.12.0
	        |-- com_twelvemonkeys_imageio_imageio-webp 3.12.0
	        |-- org_quiltmc_parsers_gson 0.2.1
	        \-- org_quiltmc_parsers_json 0.2.1
	- java 21
	- minecraft 1.21.11
[22:54:55] [main/INFO]: SpongePowered MIXIN Subsystem Version=0.8.7 Source=file:/tmp/fc/libraries/net/fabricmc/sponge-mixin/0.17.4+mixin.0.8.7/sponge-mixin-0.17.4+mixin.0.8.7.jar Service=Knot/Fabric Env=CLIENT
[22:54:55] [main/INFO]: Initializing com.ishland.c2me.base.mixin
[22:54:55] [main/INFO]: Updating config from 0 to 1
[22:54:55] [main/INFO]: Updating config from 1 to 2
[22:54:55] [main/INFO]: Updating config from 2 to 3
[22:54:56] [main/INFO]: CPU name: AMD EPYC 7763 64-Core Processor
[22:54:56] [main/INFO]: Detected 2 available physical CPUs, 4 available logical CPUs
[22:54:56] [main/INFO]: Detected 2 available physical CPUs, 4 available logical CPUs
[22:54:56] [main/INFO]: Global Executor Parallelism: 1 configured, 1 evaluated, 1 default evaluated
[22:54:56] [main/INFO]: Initializing com.ishland.c2me.client.uncapvd.mixin
[22:54:56] [main/INFO]: Initializing com.ishland.c2me.fixes.chunkio.threading_issues.mixin
[22:54:56] [main/INFO]: Initializing com.ishland.c2me.fixes.general.threading_issues.mixin
[22:54:56] [main/INFO]: Initializing com.ishland.c2me.fixes.worldgen.threading_issues.mixin
[22:54:56] [main/INFO]: Initializing com.ishland.c2me.fixes.worldgen.vanilla_bugs.mixin
[22:54:56] [main/INFO]: Initializing com.ishland.c2me.notickvd.mixin
[22:54:56] [main/INFO]: Initializing com.ishland.c2me.opts.allocs.mixin
[22:54:56] [main/INFO]: Initializing com.ishland.c2me.opts.chunkio.mixin
[22:54:56] [main/INFO]: Initializing com.ishland.c2me.opts.dfc.mixin
[22:54:56] [main/INFO]: Initializing com.ishland.c2me.opts.math.mixin
[22:54:56] [main/INFO]: Initializing com.ishland.c2me.opts.scheduling.mixin
[22:54:56] [main/INFO]: Initializing com.ishland.c2me.opts.worldgen.general.mixin
[22:54:56] [main/INFO]: Initializing com.ishland.c2me.opts.worldgen.vanilla.mixin
[22:54:56] [main/INFO]: Initializing com.ishland.c2me.rewrites.chunk_serializer.mixin
[22:54:56] [main/INFO]: Disabling com.ishland.c2me.rewrites.chunk_serializer.mixin
[22:54:56] [main/INFO]: Initializing com.ishland.c2me.rewrites.chunksystem.mixin
[22:54:56] [main/INFO]: Initializing com.ishland.c2me.rewrites.chunkio.mixin
[22:54:56] [main/INFO]: Initializing com.ishland.c2me.server.utils.mixin
[22:54:56] [main/INFO]: Initializing com.ishland.c2me.threading.lighting.mixin
[22:54:56] [main/INFO]: Loaded configuration file for Lithium: 171 options available, 0 override(s) found.
[22:54:56] [main/WARN]: Reference map 'moreculling.refmap.json' for moreculling.mixins.json could not be read. If this is a development environment you can ignore this message
[22:54:56] [main/WARN]: Reference map 'moreculling.refmap.json' for moreculling.fabric.mixins.json could not be read. If this is a development environment you can ignore this message
[22:54:56] [main/INFO]: Loaded configuration file for Sodium: 36 options available, 0 override(s) found
[22:54:56] [main/INFO]: Loaded configuration file for Sodium Extra: 26 options available, 0 override(s) found
[22:54:56] [main/WARN]: Reference map 'sodium-extra.refmap.json' for sodium-extra.mixins.json could not be read. If this is a development environment you can ignore this message
[22:54:56] [main/WARN]: Reference map 'yet_another_config_lib_v3.refmap.json' for yacl.mixins.json could not be read. If this is a development environment you can ignore this message
[22:54:56] [main/WARN]: Reference map 'yet_another_config_lib_v3.refmap.json' for yacl-fabric.mixins.json could not be read. If this is a development environment you can ignore this message
[22:54:56] [main/WARN]: Error loading class: net/vulkanmod/config/option/Options (java.lang.ClassNotFoundException: net/vulkanmod/config/option/Options)
[22:54:56] [main/WARN]: Error loading class: ca/spottedleaf/starlight/common/integration/v0/ChunkSystemHooks (java.lang.ClassNotFoundException: ca/spottedleaf/starlight/common/integration/v0/ChunkSystemHooks)
[22:54:56] [main/WARN]: @Mixin target ca/spottedleaf/starlight/common/integration/v0/ChunkSystemHooks was not found c2me-rewrites-chunk-system.mixins.json:scalablelux.MixinChunkSystemHooks from mod c2me-rewrites-chunk-system
[22:54:56] [main/WARN]: Error loading class: ca/spottedleaf/starlight/common/thread/SchedulingUtil (java.lang.ClassNotFoundException: ca/spottedleaf/starlight/common/thread/SchedulingUtil)
[22:54:57] [main/WARN]: Error loading class: net/caffeinemc/mods/sodium/client/render/chunk/compile/pipeline/BlockOcclusionCache (java.lang.ClassNotFoundException: net/caffeinemc/mods/sodium/client/render/chunk/compile/pipeline/BlockOcclusionCache)
[22:54:57] [main/INFO]: Searching for graphics cards...
[22:54:57] [main/WARN]: Could not find any graphics adapters! Probably the device is not on a bus we can probe, or there are no devices supporting 3D acceleration.
[22:54:57] [main/WARN]: Sodium has applied one or more workarounds to prevent crashes or other issues on your system: [NO_ERROR_CONTEXT_UNSUPPORTED]
[22:54:57] [main/WARN]: This is not necessarily an issue, but it may result in certain features or optimizations being disabled. You can sometimes fix these issues by upgrading your graphics driver.
[22:54:57] [main/INFO]: Initializing MixinExtras via com.llamalad7.mixinextras.service.MixinExtrasServiceImpl(version=0.5.5).
[22:54:59] [Datafixer Bootstrap/INFO]: 287 Datafixer optimizations took 858 milliseconds
[22:55:04] [Render thread/INFO]: Environment: Environment[sessionHost=https://sessionserver.mojang.com, servicesHost=https://api.minecraftservices.com, profilesHost=https://api.mojang.com, name=PROD]
[22:55:04] [Render thread/INFO]: Setting user: FreedomCI
[22:55:04] [Render thread/INFO]: Enabled 100 bug fixes: [MC-577, MC-4490, MC-7569, MC-8187, MC-30391, MC-35361, MC-44654, MC-46737, MC-46766, MC-57057, MC-79545, MC-80859, MC-82263, MC-84661, MC-88371, MC-89146, MC-90683, MC-93018, MC-93384, MC-94054, MC-100991, MC-105068, MC-115092, MC-116379, MC-118740, MC-119754, MC-121706, MC-121903, MC-122477, MC-122627, MC-123450, MC-123605, MC-127970, MC-129909, MC-131562, MC-132878, MC-133218, MC-134110, MC-136249, MC-139041, MC-143474, MC-147659, MC-153010, MC-155509, MC-158900, MC-159163, MC-159283, MC-160095, MC-165306, MC-165381, MC-168573, MC-170462, MC-176559, MC-176806, MC-177381, MC-179072, MC-183990, MC-187100, MC-188359, MC-197260, MC-200418, MC-201374, MC-202637, MC-206540, MC-206922, MC-210318, MC-211561, MC-215530, MC-215531, MC-217716, MC-219981, MC-221257, MC-223153, MC-224729, MC-226961, MC-227008, MC-227337, MC-231097, MC-231743, MC-232869, MC-237493, MC-242809, MC-245394, MC-251068, MC-259512, MC-263865, MC-263999, MC-264285, MC-264979, MC-267125, MC-267376, MC-268420, MC-268617, MC-271899, MC-272431, MC-280220, MC-297837, MC-298066, MC-298225, MC-298558]
[22:55:04] [Render thread/INFO]: Successfully Debugify'd your game!
[22:55:04] [Render thread/INFO]: ping & connect fast!
[22:55:04] [Render thread/INFO]: Compression will use libdeflate (Linux x86_64), encryption will use OpenSSL 3.x.x (Linux x86_64)
[22:55:05] [Render thread/INFO]: [Indigo] Different rendering plugin detected; not applying Indigo.
[22:55:05] [Download-2/ERROR]: Failed to fetch user properties
com.mojang.authlib.exceptions.InvalidCredentialsException: Status: 401
	at knot//com.mojang.authlib.exceptions.MinecraftClientHttpException.toAuthenticationException(MinecraftClientHttpException.java:59)
	at knot//com.mojang.authlib.yggdrasil.YggdrasilUserApiService.fetchProperties(YggdrasilUserApiService.java:150)
	at knot//net.minecraft.class_310.method_55608(class_310.java:457)
	at java.base/java.util.concurrent.CompletableFuture$AsyncSupply.run(CompletableFuture.java:1768)
	at java.base/java.util.concurrent.ThreadPoolExecutor.runWorker(ThreadPoolExecutor.java:1144)
	at java.base/java.util.concurrent.ThreadPoolExecutor$Worker.run(ThreadPoolExecutor.java:642)
	at java.base/java.lang.Thread.run(Thread.java:1583)
Caused by: com.mojang.authlib.exceptions.MinecraftClientHttpException: Status: 401
	at knot//com.mojang.authlib.minecraft.client.MinecraftClient.readInputStream(MinecraftClient.java:103)
	at knot//com.mojang.authlib.minecraft.client.MinecraftClient.get(MinecraftClient.java:56)
	at knot//com.mojang.authlib.yggdrasil.YggdrasilUserApiService.fetchProperties(YggdrasilUserApiService.java:121)
	... 5 more
[22:55:05] [Render thread/INFO]: FreedomClient loaded with 113 mods
[22:55:05] [Render thread/INFO]: Krypton is now accelerating your Minecraft client's networking stack 🚀
[22:55:05] [Render thread/INFO]: Note that Krypton is most effective on servers, not the client.
[22:55:05] [Render thread/INFO]: [STDOUT]: [Mouse Tweaks] Main.initialize()
[22:55:05] [Render thread/INFO]: [STDOUT]: [Mouse Tweaks] Generating the config file at: /tmp/fc/instances/ci/config/MouseTweaks.cfg
[22:55:05] [Render thread/INFO]: [STDOUT]: [Mouse Tweaks] Created the config file.
[22:55:05] [Render thread/INFO]: [STDOUT]: [Mouse Tweaks] Initialized.
[22:55:05] [Render thread/INFO]: Config file '/tmp/fc/instances/ci/config/yacl.json5' does not exist. Creating it with default values.
[22:55:05] [Render thread/INFO]: Serializing class dev.isxander.yacl3.platform.YACLConfig to '/tmp/fc/instances/ci/config/yacl.json5'
[22:55:05] [Render thread/INFO]: Backend library: LWJGL version 3.3.3-snapshot
[22:55:08] [Render thread/INFO]: Initializing ImmediatelyFast 1.14.3+1.21.11 on llvmpipe (LLVM 20.1.2, 256 bits) (Mesa) with OpenGL 4.5 (Core Profile) Mesa 25.2.8-0ubuntu0.24.04.3
[22:55:08] [Render thread/INFO]: OpenGL Vendor: Mesa
[22:55:08] [Render thread/INFO]: OpenGL Renderer: llvmpipe (LLVM 20.1.2, 256 bits)
[22:55:08] [Render thread/INFO]: OpenGL Version: 4.5 (Core Profile) Mesa 25.2.8-0ubuntu0.24.04.3
[22:55:08] [Render thread/INFO]: Using optional rendering extensions: GL_ARB_buffer_storage, GL_KHR_debug, GL_ARB_vertex_attrib_binding, GL_ARB_direct_state_access, GL_EXT_texture_filter_anisotropic
[22:55:09] [Render thread/ERROR]: Error while loading the narrator
com.mojang.text2speech.Narrator$InitializeException: Failed to load library flite
	at knot//com.mojang.text2speech.NarratorLinux$FliteLibrary.loadNative(NarratorLinux.java:81)
	at knot//com.mojang.text2speech.NarratorLinux.<init>(NarratorLinux.java:18)
	at knot//com.mojang.text2speech.Narrator.getNarrator(Narrator.java:41)
	at knot//net.minecraft.class_333.<init>(class_333.java:20)
	at knot//net.minecraft.class_310.<init>(class_310.java:702)
	at knot//net.minecraft.client.main.Main.main(Main.java:234)
	at net.fabricmc.loader.impl.game.minecraft.MinecraftGameProvider.launch(MinecraftGameProvider.java:517)
	at net.fabricmc.loader.impl.launch.knot.Knot.launch(Knot.java:72)
	at net.fabricmc.loader.impl.launch.knot.KnotClient.main(KnotClient.java:23)
Caused by: java.lang.UnsatisfiedLinkError: Unable to load library 'flite':
libflite.so: cannot open shared object file: No such file or directory
libflite.so: cannot open shared object file: No such file or directory
Native library (linux-x86-64/libflite.so) not found in resource path (/tmp/fc/libraries/org/ow2/asm/asm/9.10.1/asm-9.10.1.jar:/tmp/fc/libraries/org/ow2/asm/asm-analysis/9.10.1/asm-analysis-9.10.1.jar:/tmp/fc/libraries/org/ow2/asm/asm-commons/9.10.1/asm-commons-9.10.1.jar:/tmp/fc/libraries/org/ow2/asm/asm-tree/9.10.1/asm-tree-9.10.1.jar:/tmp/fc/libraries/org/ow2/asm/asm-util/9.10.1/asm-util-9.10.1.jar:/tmp/fc/libraries/net/fabricmc/sponge-mixin/0.17.4+mixin.0.8.7/sponge-mixin-0.17.4+mixin.0.8.7.jar:/tmp/fc/libraries/net/fabricmc/intermediary/1.21.11/intermediary-1.21.11.jar:/tmp/fc/libraries/net/fabricmc/fabric-loader/0.19.5/fabric-loader-0.19.5.jar:/tmp/fc/libraries/at/yawk/lz4/lz4-java/1.8.1/lz4-java-1.8.1.jar:/tmp/fc/libraries/com/azure/azure-json/1.4.0/azure-json-1.4.0.jar:/tmp/fc/libraries/com/github/oshi/oshi-core/6.9.0/oshi-core-6.9.0.jar:/tmp/fc/libraries/com/google/code/gson/gson/2.13.2/gson-2.13.2.jar:/tmp/fc/libraries/com/google/guava/failureaccess/1.0.3/failureaccess-1.0.3.jar:/tmp/fc/libraries/com/google/guava/guava/33.5.0-jre/guava-33.5.0-jre.jar:/tmp/fc/libraries/com/ibm/icu/icu4j/77.1/icu4j-77.1.jar:/tmp/fc/libraries/com/microsoft/azure/msal4j/1.23.1/msal4j-1.23.1.jar:/tmp/fc/libraries/com/mojang/authlib/7.0.61/authlib-7.0.61.jar:/tmp/fc/libraries/com/mojang/blocklist/1.0.10/blocklist-1.0.10.jar:/tmp/fc/libraries/com/mojang/brigadier/1.3.10/brigadier-1.3.10.jar:/tmp/fc/libraries/com/mojang/datafixerupper/9.0.19/datafixerupper-9.0.19.jar:/tmp/fc/libraries/com/mojang/jtracy/1.0.37/jtracy-1.0.37.jar:/tmp/fc/libraries/com/mojang/jtracy/1.0.37/jtracy-1.0.37-natives-linux.jar:/tmp/fc/libraries/com/mojang/logging/1.6.11/logging-1.6.11.jar:/tmp/fc/libraries/com/mojang/patchy/2.2.10/patchy-2.2.10.jar:/tmp/fc/libraries/com/mojang/text2speech/1.18.11/text2speech-1.18.11.jar:/tmp/fc/libraries/commons-codec/commons-codec/1.19.0/commons-codec-1.19.0.jar:/tmp/fc/libraries/commons-io/commons-io/2.20.0/commons-io-2.20.0.jar:/tmp/fc/libraries/io/netty/netty-buffer/4.2.7.Final/netty-buffer-4.2.7.Final.jar:/tmp/fc/libraries/io/netty/netty-codec-base/4.2.7.Final/netty-codec-base-4.2.7.Final.jar:/tmp/fc/libraries/io/netty/netty-codec-compression/4.2.7.Final/netty-codec-compression-4.2.7.Final.jar:/tmp/fc/libraries/io/netty/netty-codec-http/4.2.7.Final/netty-codec-http-4.2.7.Final.jar:/tmp/fc/libraries/io/netty/netty-common/4.2.7.Final/netty-common-4.2.7.Final.jar:/tmp/fc/libraries/io/netty/netty-handler/4.2.7.Final/netty-handler-4.2.7.Final.jar:/tmp/fc/libraries/io/netty/netty-resolver/4.2.7.Final/netty-resolver-4.2.7.Final.jar:/tmp/fc/libraries/io/netty/netty-transport-classes-epoll/4.2.7.Final/netty-transport-classes-epoll-4.2.7.Final.jar:/tmp/fc/libraries/io/netty/netty-transport-classes-kqueue/4.2.7.Final/netty-transport-classes-kqueue-4.2.7.Final.jar:/tmp/fc/libraries/io/netty/netty-transport-native-epoll/4.2.7.Final/netty-transport-native-epoll-4.2.7.Final-linux-aarch_64.jar:/tmp/fc/libraries/io/netty/netty-transport-native-epoll/4.2.7.Final/netty-transport-native-epoll-4.2.7.Final-linux-x86_64.jar:/tmp/fc/libraries/io/netty/netty-transport-native-unix-common/4.2.7.Final/netty-transport-native-unix-common-4.2.7.Final.jar:/tmp/fc/libraries/io/netty/netty-transport/4.2.7.Final/netty-transport-4.2.7.Final.jar:/tmp/fc/libraries/it/unimi/dsi/fastutil/8.5.18/fastutil-8.5.18.jar:/tmp/fc/libraries/net/java/dev/jna/jna-platform/5.17.0/jna-platform-5.17.0.jar:/tmp/fc/libraries/net/java/dev/jna/jna/5.17.0/jna-5.17.0.jar:/tmp/fc/libraries/net/sf/jopt-simple/jopt-simple/5.0.4/jopt-simple-5.0.4.jar:/tmp/fc/libraries/org/apache/commons/commons-compress/1.28.0/commons-compress-1.28.0.jar:/tmp/fc/libraries/org/apache/commons/commons-lang3/3.19.0/commons-lang3-3.19.0.jar:/tmp/fc/libraries/org/apache/logging/log4j/log4j-api/2.25.2/log4j-api-2.25.2.jar:/tmp/fc/libraries/org/apache/logging/log4j/log4j-core/2.25.2/log4j-core-2.25.2.jar:/tmp/fc/libraries/org/apache/logging/log4j/log4j-slf4j2-impl/2.25.2/log4j-slf4j2-impl-2.25.2.jar:/tmp/fc/libraries/org/jcraft/jorbis/0.0.17/jorbis-0.0.17.jar:/tmp/fc/libraries/org/joml/joml/1.10.8/joml-1.10.8.jar:/tmp/fc/libraries/org/jspecify/jspecify/1.0.0/jspecify-1.0.0.jar:/tmp/fc/libraries/org/lwjgl/lwjgl-freetype/3.3.3/lwjgl-freetype-3.3.3.jar:/tmp/fc/libraries/org/lwjgl/lwjgl-freetype/3.3.3/lwjgl-freetype-3.3.3-natives-linux.jar:/tmp/fc/libraries/org/lwjgl/lwjgl-glfw/3.3.3/lwjgl-glfw-3.3.3.jar:/tmp/fc/libraries/org/lwjgl/lwjgl-glfw/3.3.3/lwjgl-glfw-3.3.3-natives-linux.jar:/tmp/fc/libraries/org/lwjgl/lwjgl-jemalloc/3.3.3/lwjgl-jemalloc-3.3.3.jar:/tmp/fc/libraries/org/lwjgl/lwjgl-jemalloc/3.3.3/lwjgl-jemalloc-3.3.3-natives-linux.jar:/tmp/fc/libraries/org/lwjgl/lwjgl-openal/3.3.3/lwjgl-openal-3.3.3.jar:/tmp/fc/libraries/org/lwjgl/lwjgl-openal/3.3.3/lwjgl-openal-3.3.3-natives-linux.jar:/tmp/fc/libraries/org/lwjgl/lwjgl-opengl/3.3.3/lwjgl-opengl-3.3.3.jar:/tmp/fc/libraries/org/lwjgl/lwjgl-opengl/3.3.3/lwjgl-opengl-3.3.3-natives-linux.jar:/tmp/fc/libraries/org/lwjgl/lwjgl-stb/3.3.3/lwjgl-stb-3.3.3.jar:/tmp/fc/libraries/org/lwjgl/lwjgl-stb/3.3.3/lwjgl-stb-3.3.3-natives-linux.jar:/tmp/fc/libraries/org/lwjgl/lwjgl-tinyfd/3.3.3/lwjgl-tinyfd-3.3.3.jar:/tmp/fc/libraries/org/lwjgl/lwjgl-tinyfd/3.3.3/lwjgl-tinyfd-3.3.3-natives-linux.jar:/tmp/fc/libraries/org/lwjgl/lwjgl/3.3.3/lwjgl-3.3.3.jar:/tmp/fc/libraries/org/lwjgl/lwjgl/3.3.3/lwjgl-3.3.3-natives-linux.jar:/tmp/fc/libraries/org/slf4j/slf4j-api/2.0.17/slf4j-api-2.0.17.jar:/tmp/fc/versions/1.21.11/1.21.11.jar)
	at knot//com.sun.jna.NativeLibrary.loadLibrary(NativeLibrary.java:325)
	at knot//com.sun.jna.NativeLibrary.getInstance(NativeLibrary.java:481)
	at knot//com.sun.jna.NativeLibrary.getInstance(NativeLibrary.java:423)
	at knot//com.mojang.text2speech.NarratorLinux$FliteLibrary.loadNative(NarratorLinux.java:79)
	... 8 more
	Suppressed: java.lang.UnsatisfiedLinkError: libflite.so: cannot open shared object file: No such file or directory
		at knot//com.sun.jna.Native.open(Native Method)
		at knot//com.sun.jna.NativeLibrary.loadLibrary(NativeLibrary.java:213)
		... 11 more
	Suppressed: java.lang.UnsatisfiedLinkError: libflite.so: cannot open shared object file: No such file or directory
		at knot//com.sun.jna.Native.open(Native Method)
		at knot//com.sun.jna.NativeLibrary.loadLibrary(NativeLibrary.java:226)
		... 11 more
	Suppressed: java.io.IOException: Native library (linux-x86-64/libflite.so) not found in resource path (/tmp/fc/libraries/org/ow2/asm/asm/9.10.1/asm-9.10.1.jar:/tmp/fc/libraries/org/ow2/asm/asm-analysis/9.10.1/asm-analysis-9.10.1.jar:/tmp/fc/libraries/org/ow2/asm/asm-commons/9.10.1/asm-commons-9.10.1.jar:/tmp/fc/libraries/org/ow2/asm/asm-tree/9.10.1/asm-tree-9.10.1.jar:/tmp/fc/libraries/org/ow2/asm/asm-util/9.10.1/asm-util-9.10.1.jar:/tmp/fc/libraries/net/fabricmc/sponge-mixin/0.17.4+mixin.0.8.7/sponge-mixin-0.17.4+mixin.0.8.7.jar:/tmp/fc/libraries/net/fabricmc/intermediary/1.21.11/intermediary-1.21.11.jar:/tmp/fc/libraries/net/fabricmc/fabric-loader/0.19.5/fabric-loader-0.19.5.jar:/tmp/fc/libraries/at/yawk/lz4/lz4-java/1.8.1/lz4-java-1.8.1.jar:/tmp/fc/libraries/com/azure/azure-json/1.4.0/azure-json-1.4.0.jar:/tmp/fc/libraries/com/github/oshi/oshi-core/6.9.0/oshi-core-6.9.0.jar:/tmp/fc/libraries/com/google/code/gson/gson/2.13.2/gson-2.13.2.jar:/tmp/fc/libraries/com/google/guava/failureaccess/1.0.3/failureaccess-1.0.3.jar:/tmp/fc/libraries/com/google/guava/guava/33.5.0-jre/guava-33.5.0-jre.jar:/tmp/fc/libraries/com/ibm/icu/icu4j/77.1/icu4j-77.1.jar:/tmp/fc/libraries/com/microsoft/azure/msal4j/1.23.1/msal4j-1.23.1.jar:/tmp/fc/libraries/com/mojang/authlib/7.0.61/authlib-7.0.61.jar:/tmp/fc/libraries/com/mojang/blocklist/1.0.10/blocklist-1.0.10.jar:/tmp/fc/libraries/com/mojang/brigadier/1.3.10/brigadier-1.3.10.jar:/tmp/fc/libraries/com/mojang/datafixerupper/9.0.19/datafixerupper-9.0.19.jar:/tmp/fc/libraries/com/mojang/jtracy/1.0.37/jtracy-1.0.37.jar:/tmp/fc/libraries/com/mojang/jtracy/1.0.37/jtracy-1.0.37-natives-linux.jar:/tmp/fc/libraries/com/mojang/logging/1.6.11/logging-1.6.11.jar:/tmp/fc/libraries/com/mojang/patchy/2.2.10/patchy-2.2.10.jar:/tmp/fc/libraries/com/mojang/text2speech/1.18.11/text2speech-1.18.11.jar:/tmp/fc/libraries/commons-codec/commons-codec/1.19.0/commons-codec-1.19.0.jar:/tmp/fc/libraries/commons-io/commons-io/2.20.0/commons-io-2.20.0.jar:/tmp/fc/libraries/io/netty/netty-buffer/4.2.7.Final/netty-buffer-4.2.7.Final.jar:/tmp/fc/libraries/io/netty/netty-codec-base/4.2.7.Final/netty-codec-base-4.2.7.Final.jar:/tmp/fc/libraries/io/netty/netty-codec-compression/4.2.7.Final/netty-codec-compression-4.2.7.Final.jar:/tmp/fc/libraries/io/netty/netty-codec-http/4.2.7.Final/netty-codec-http-4.2.7.Final.jar:/tmp/fc/libraries/io/netty/netty-common/4.2.7.Final/netty-common-4.2.7.Final.jar:/tmp/fc/libraries/io/netty/netty-handler/4.2.7.Final/netty-handler-4.2.7.Final.jar:/tmp/fc/libraries/io/netty/netty-resolver/4.2.7.Final/netty-resolver-4.2.7.Final.jar:/tmp/fc/libraries/io/netty/netty-transport-classes-epoll/4.2.7.Final/netty-transport-classes-epoll-4.2.7.Final.jar:/tmp/fc/libraries/io/netty/netty-transport-classes-kqueue/4.2.7.Final/netty-transport-classes-kqueue-4.2.7.Final.jar:/tmp/fc/libraries/io/netty/netty-transport-native-epoll/4.2.7.Final/netty-transport-native-epoll-4.2.7.Final-linux-aarch_64.jar:/tmp/fc/libraries/io/netty/netty-transport-native-epoll/4.2.7.Final/netty-transport-native-epoll-4.2.7.Final-linux-x86_64.jar:/tmp/fc/libraries/io/netty/netty-transport-native-unix-common/4.2.7.Final/netty-transport-native-unix-common-4.2.7.Final.jar:/tmp/fc/libraries/io/netty/netty-transport/4.2.7.Final/netty-transport-4.2.7.Final.jar:/tmp/fc/libraries/it/unimi/dsi/fastutil/8.5.18/fastutil-8.5.18.jar:/tmp/fc/libraries/net/java/dev/jna/jna-platform/5.17.0/jna-platform-5.17.0.jar:/tmp/fc/libraries/net/java/dev/jna/jna/5.17.0/jna-5.17.0.jar:/tmp/fc/libraries/net/sf/jopt-simple/jopt-simple/5.0.4/jopt-simple-5.0.4.jar:/tmp/fc/libraries/org/apache/commons/commons-compress/1.28.0/commons-compress-1.28.0.jar:/tmp/fc/libraries/org/apache/commons/commons-lang3/3.19.0/commons-lang3-3.19.0.jar:/tmp/fc/libraries/org/apache/logging/log4j/log4j-api/2.25.2/log4j-api-2.25.2.jar:/tmp/fc/libraries/org/apache/logging/log4j/log4j-core/2.25.2/log4j-core-2.25.2.jar:/tmp/fc/libraries/org/apache/logging/log4j/log4j-slf4j2-impl/2.25.2/log4j-slf4j2-impl-2.25.2.jar:/tmp/fc/libraries/org/jcraft/jorbis/0.0.17/jorbis-0.0.17.jar:/tmp/fc/libraries/org/joml/joml/1.10.8/joml-1.10.8.jar:/tmp/fc/libraries/org/jspecify/jspecify/1.0.0/jspecify-1.0.0.jar:/tmp/fc/libraries/org/lwjgl/lwjgl-freetype/3.3.3/lwjgl-freetype-3.3.3.jar:/tmp/fc/libraries/org/lwjgl/lwjgl-freetype/3.3.3/lwjgl-freetype-3.3.3-natives-linux.jar:/tmp/fc/libraries/org/lwjgl/lwjgl-glfw/3.3.3/lwjgl-glfw-3.3.3.jar:/tmp/fc/libraries/org/lwjgl/lwjgl-glfw/3.3.3/lwjgl-glfw-3.3.3-natives-linux.jar:/tmp/fc/libraries/org/lwjgl/lwjgl-jemalloc/3.3.3/lwjgl-jemalloc-3.3.3.jar:/tmp/fc/libraries/org/lwjgl/lwjgl-jemalloc/3.3.3/lwjgl-jemalloc-3.3.3-natives-linux.jar:/tmp/fc/libraries/org/lwjgl/lwjgl-openal/3.3.3/lwjgl-openal-3.3.3.jar:/tmp/fc/libraries/org/lwjgl/lwjgl-openal/3.3.3/lwjgl-openal-3.3.3-natives-linux.jar:/tmp/fc/libraries/org/lwjgl/lwjgl-opengl/3.3.3/lwjgl-opengl-3.3.3.jar:/tmp/fc/libraries/org/lwjgl/lwjgl-opengl/3.3.3/lwjgl-opengl-3.3.3-natives-linux.jar:/tmp/fc/libraries/org/lwjgl/lwjgl-stb/3.3.3/lwjgl-stb-3.3.3.jar:/tmp/fc/libraries/org/lwjgl/lwjgl-stb/3.3.3/lwjgl-stb-3.3.3-natives-linux.jar:/tmp/fc/libraries/org/lwjgl/lwjgl-tinyfd/3.3.3/lwjgl-tinyfd-3.3.3.jar:/tmp/fc/libraries/org/lwjgl/lwjgl-tinyfd/3.3.3/lwjgl-tinyfd-3.3.3-natives-linux.jar:/tmp/fc/libraries/org/lwjgl/lwjgl/3.3.3/lwjgl-3.3.3.jar:/tmp/fc/libraries/org/lwjgl/lwjgl/3.3.3/lwjgl-3.3.3-natives-linux.jar:/tmp/fc/libraries/org/slf4j/slf4j-api/2.0.17/slf4j-api-2.0.17.jar:/tmp/fc/versions/1.21.11/1.21.11.jar)
		at knot//com.sun.jna.Native.extractFromResourcePath(Native.java:1141)
		at knot//com.sun.jna.NativeLibrary.loadLibrary(NativeLibrary.java:297)
		... 11 more
[22:55:09] [Download-2/INFO]: Could not authorize you against Realms server: java.lang.RuntimeException: Failed to parse into SignedJWT: 0
[22:55:09] [Download-2/ERROR]: Failed to fetch Realms feature flags
net.minecraft.class_4355: Realms authentication error with message 'java.lang.RuntimeException: Failed to parse into SignedJWT: 0'
	at knot//net.minecraft.class_4341.method_20998(class_4341.java:526)
	at knot//net.minecraft.class_4341.method_68466(class_4341.java:186)
	at java.base/java.util.concurrent.CompletableFuture$AsyncSupply.run(CompletableFuture.java:1768)
	at java.base/java.util.concurrent.ThreadPoolExecutor.runWorker(ThreadPoolExecutor.java:1144)
	at java.base/java.util.concurrent.ThreadPoolExecutor$Worker.run(ThreadPoolExecutor.java:642)
	at java.base/java.lang.Thread.run(Thread.java:1583)
[22:55:09] [Render thread/INFO]: Reloading ResourceManager: vanilla, c2me, cloth-config, conditional-mixin, continuity, debugify, fabric-api, fabric-api-base, fabric-api-lookup-api-v1, fabric-biome-api-v1, fabric-block-api-v1, fabric-block-view-api-v2, fabric-command-api-v2, fabric-content-registries-v0, fabric-convention-tags-v1, fabric-convention-tags-v2, fabric-crash-report-info-v1, fabric-data-attachment-api-v1, fabric-data-generation-api-v1, fabric-dimensions-v1, fabric-entity-events-v1, fabric-events-interaction-v0, fabric-game-rule-api-v1, fabric-item-api-v1, fabric-item-group-api-v1, fabric-key-binding-api-v1, fabric-lifecycle-events-v1, fabric-loot-api-v2, fabric-loot-api-v3, fabric-message-api-v1, fabric-model-loading-api-v1, fabric-networking-api-v1, fabric-object-builder-api-v1, fabric-particles-v1, fabric-recipe-api-v1, fabric-registry-sync-v0, fabric-renderer-api-v1, fabric-renderer-indigo, fabric-rendering-fluids-v1, fabric-rendering-v1, fabric-resource-conditions-api-v1, fabric-resource-loader-v0, fabric-resource-loader-v1, fabric-screen-api-v1, fabric-screen-handler-api-v1, fabric-serialization-api-v1, fabric-sound-api-v1, fabric-tag-api-v1, fabric-transfer-api-v1, fabric-transitive-access-wideners-v1, fabricloader, freedomclient, immediatelyfast, krypton, lithium, moreculling, sodium, sodium-extra, yet_another_config_lib_v3, freedomclient:fc_resources, freedomclient:bettergrass, freedomclient:gapcounter_vanilla
[22:55:09] [Render thread/INFO]: Cached all modded block culling states
[22:55:10] [Worker-Main-16/INFO]: Found unifont_all_no_pua-17.0.01.hex, loading
[22:55:10] [Worker-Main-16/INFO]: Found unifont_jp_patch-17.0.01.hex, loading
[22:55:10] [Worker-Main-16/INFO]: Found unifont_pua-17.0.01.hex, loading
[22:55:13] [Render thread/ERROR]: Error starting SoundSystem. Turning off sounds & music
java.lang.IllegalStateException: Failed to open OpenAL device
	at knot//net.minecraft.class_4225.method_38501(class_4225.java:292)
	at knot//net.minecraft.class_4225.method_19661(class_4225.java:150)
	at knot//net.minecraft.class_1140.method_4846(class_1140.java:119)
	at knot//net.minecraft.class_1140.method_4837(class_1140.java:109)
	at knot//net.minecraft.class_1144.method_18182(class_1144.java:122)
	at knot//net.minecraft.class_1144.method_18788(class_1144.java:41)
	at knot//net.minecraft.class_4080.method_18790(class_4080.java:15)
	at java.base/java.util.concurrent.CompletableFuture$UniAccept.tryFire(CompletableFuture.java:718)
	at java.base/java.util.concurrent.CompletableFuture$Completion.run(CompletableFuture.java:482)
	at knot//net.minecraft.class_4014.method_67574(class_4014.java:59)
	at knot//net.minecraft.class_1255.method_18859(class_1255.java:169)
	at knot//net.minecraft.class_4093.method_18859(class_4093.java:23)
	at knot//net.minecraft.class_1255.method_16075(class_1255.java:143)
	at knot//net.minecraft.class_1255.method_5383(class_1255.java:124)
	at knot//net.minecraft.class_310.method_1523(class_310.java:1339)
	at knot//net.minecraft.class_310.method_1514(class_310.java:966)
	at knot//net.minecraft.client.main.Main.main(Main.java:250)
	at net.fabricmc.loader.impl.game.minecraft.MinecraftGameProvider.launch(MinecraftGameProvider.java:517)
	at net.fabricmc.loader.impl.launch.knot.Knot.launch(Knot.java:72)
	at net.fabricmc.loader.impl.launch.knot.KnotClient.main(KnotClient.java:23)
[22:55:13] [Render thread/INFO]: Created: 512x256x0 minecraft:textures/atlas/particles.png-atlas
[22:55:14] [Render thread/INFO]: Created: 128x128x0 minecraft:textures/atlas/decorated_pot.png-atlas
[22:55:14] [Render thread/INFO]: Created: 2048x1024x0 minecraft:textures/atlas/armor_trims.png-atlas
[22:55:14] [Render thread/INFO]: Created: 512x256x0 minecraft:textures/atlas/paintings.png-atlas
[22:55:14] [Render thread/INFO]: Created: 1024x512x0 minecraft:textures/atlas/shield_patterns.png-atlas
[22:55:14] [Render thread/INFO]: Created: 1024x1024x2 minecraft:textures/atlas/blocks.png-atlas
[22:55:14] [Render thread/INFO]: Created: 512x512x0 minecraft:textures/atlas/chest.png-atlas
[22:55:14] [Render thread/INFO]: Created: 256x128x0 minecraft:textures/atlas/celestials.png-atlas
[22:55:14] [Render thread/INFO]: Created: 1024x512x0 minecraft:textures/atlas/banner_patterns.png-atlas
[22:55:14] [Render thread/INFO]: Created: 512x512x0 minecraft:textures/atlas/beds.png-atlas
[22:55:14] [Render thread/INFO]: Created: 1024x1024x0 minecraft:textures/atlas/items.png-atlas
[22:55:14] [Render thread/INFO]: Created: 1024x1024x0 minecraft:textures/atlas/gui.png-atlas
[22:55:14] [Render thread/INFO]: Created: 128x64x0 minecraft:textures/atlas/map_decorations.png-atlas
[22:55:14] [Render thread/INFO]: Created: 512x256x0 minecraft:textures/atlas/signs.png-atlas
[22:55:14] [Render thread/INFO]: Created: 512x512x0 minecraft:textures/atlas/shulker_boxes.png-atlas
[22:55:14] [Render thread/INFO]: 29675 cache(s) were cleared!
