  <log4j:Event logger="FabricLoader/GameProvider" timestamp="1790388035940" level="INFO" thread="main">
    <log4j:Message><![CDATA[Loading Minecraft 1.21.11 with Fabric Loader 0.19.5]]></log4j:Message>
  </log4j:Event>
  <log4j:Event logger="FabricLoader/GameRemap" timestamp="1790388035942" level="INFO" thread="main">
    <log4j:Message><![CDATA[Fabric is preparing JARs on first launch, this may take a few seconds...]]></log4j:Message>
  </log4j:Event>
  <log4j:Event logger="FabricLoader/Resolution" timestamp="1790388036130" level="WARN" thread="main">
    <log4j:Message><![CDATA[Warnings were found!
 - Mod 'Debugify' (debugify) 1.21.11+1.1 recommends any version of modmenu, which is missing!
	 - You should install any version of modmenu for the optimal experience.]]></log4j:Message>
  </log4j:Event>
  <log4j:Event logger="FabricLoader" timestamp="1790388036131" level="INFO" thread="main">
    <log4j:Message><![CDATA[Loading 68 mods:
	- fabricloader 0.19.5
	   \-- mixinextras 0.5.5
	- freedomclient 0.1.0
	   |-- continuity 3.0.1-beta.1+1.21.11
	   |-- debugify 1.21.11+1.1
	   |-- fabric-api 0.141.6+1.21.11
	   |    |-- fabric-api-base 1.0.5+4ebb5c083e
	   |    |-- fabric-api-lookup-api-v1 1.6.114+20dc27073e
	   |    |-- fabric-biome-api-v1 17.1.1+4fc5413f3e
	   |    |-- fabric-block-api-v1 1.1.10+4ebb5c083e
	   |    |-- fabric-block-view-api-v2 1.0.39+4ebb5c083e
	   |    |-- fabric-command-api-v2 2.4.7+6b42a6003e
	   |    |-- fabric-content-registries-v0 10.2.14+4fc5413f3e
	   |    |-- fabric-convention-tags-v1 2.1.55+7f945d5b3e
	   |    |-- fabric-convention-tags-v2 2.17.3+8ef948ba3e
	   |    |-- fabric-crash-report-info-v1 0.3.23+4ebb5c083e
	   |    |-- fabric-data-attachment-api-v1 1.8.48+eed0806f3e
	   |    |-- fabric-data-generation-api-v1 23.5.0+88d7da613e
	   |    |-- fabric-dimensions-v1 4.0.28+4fc5413f3e
	   |    |-- fabric-entity-events-v1 3.1.1+1d0ab4303e
	   |    |-- fabric-events-interaction-v0 4.1.1+3b89ecf63e
	   |    |-- fabric-game-rule-api-v1 2.0.3+4fc5413f3e
	   |    |-- fabric-item-api-v1 11.6.0+67f17bb43e
	   |    |-- fabric-item-group-api-v1 4.2.36+4fc5413f3e
	   |    |-- fabric-key-binding-api-v1 1.1.7+4fc5413f3e
	   |    |-- fabric-lifecycle-events-v1 2.6.15+4ebb5c083e
	   |    |-- fabric-loot-api-v2 3.0.73+3f89f5a53e
	   |    |-- fabric-loot-api-v3 2.0.20+78c8b4663e
	   |    |-- fabric-message-api-v1 6.1.12+4ebb5c083e
	   |    |-- fabric-model-loading-api-v1 6.0.15+4fc5413f3e
	   |    |-- fabric-networking-api-v1 5.1.6+6b6d71a53e
	   |    |-- fabric-object-builder-api-v1 21.1.40+4fc5413f3e
	   |    |-- fabric-particles-v1 4.2.12+4fc5413f3e
	   |    |-- fabric-recipe-api-v1 8.2.4+4ebb5c083e
	   |    |-- fabric-registry-sync-v0 6.2.6+1718722b3e
	   |    |-- fabric-renderer-api-v1 8.0.3+f4ffd2e53e
	   |    |-- fabric-renderer-indigo 5.0.3+f4ffd2e53e
	   |    |-- fabric-rendering-fluids-v1 3.1.43+4ebb5c083e
	   |    |-- fabric-rendering-v1 16.2.10+0290ad933e
	   |    |-- fabric-resource-conditions-api-v1 5.0.35+4fc5413f3e
	   |    |-- fabric-resource-loader-v0 3.3.4+4fc5413f3e
	   |    |-- fabric-resource-loader-v1 1.0.10+78c8b4663e
	   |    |-- fabric-screen-api-v1 3.1.7+4ebb5c083e
	   |    |-- fabric-screen-handler-api-v1 1.3.162+4fc5413f3e
	   |    |-- fabric-serialization-api-v1 1.0.5+4ebb5c083e
	   |    |-- fabric-sound-api-v1 1.0.51+4fc5413f3e
	   |    |-- fabric-tag-api-v1 1.3.0+88d7da613e
	   |    |-- fabric-transfer-api-v1 6.0.25+4fc5413f3e
	   |    \-- fabric-transitive-access-wideners-v1 7.1.0+014c8cec3e
	   |-- fastipping 1.0.12
	   |-- ferritecore 8.2.0
	   |-- immediatelyfast 1.14.3+1.21.11
	   |    \-- net_lenni0451_reflect 1.6.2
	   |-- javazoom_jlayer 1.0.1
	   |-- lithium 0.21.4+mc1.21.11
	   |-- mousetweaks 2.30
	   |-- sodium 0.8.14+mc1.21.11
	   \-- yet_another_config_lib_v3 3.8.2+1.21.11-fabric
	        |-- com_twelvemonkeys_common_common-image 3.12.0
	        |-- com_twelvemonkeys_common_common-io 3.12.0
	        |-- com_twelvemonkeys_common_common-lang 3.12.0
	        |-- com_twelvemonkeys_imageio_imageio-core 3.12.0
	        |-- com_twelvemonkeys_imageio_imageio-metadata 3.12.0
	        |-- com_twelvemonkeys_imageio_imageio-webp 3.12.0
	        |-- org_quiltmc_parsers_gson 0.2.1
	        \-- org_quiltmc_parsers_json 0.2.1
	- java 21
	- minecraft 1.21.11]]></log4j:Message>
  </log4j:Event>
  <log4j:Event logger="FabricLoader/Mixin" timestamp="1790388036259" level="INFO" thread="main">
    <log4j:Message><![CDATA[SpongePowered MIXIN Subsystem Version=0.8.7 Source=file:/tmp/fc/libraries/net/fabricmc/sponge-mixin/0.17.4+mixin.0.8.7/sponge-mixin-0.17.4+mixin.0.8.7.jar Service=Knot/Fabric Env=CLIENT]]></log4j:Message>
  </log4j:Event>
  <log4j:Event logger="Lithium" timestamp="1790388036567" level="INFO" thread="main">
    <log4j:Message><![CDATA[Loaded configuration file for Lithium: 171 options available, 0 override(s) found.]]></log4j:Message>
  </log4j:Event>
  <log4j:Event logger="Sodium" timestamp="1790388036635" level="INFO" thread="main">
    <log4j:Message><![CDATA[Loaded configuration file for Sodium: 36 options available, 0 override(s) found]]></log4j:Message>
  </log4j:Event>
  <log4j:Event logger="FabricLoader/Mixin" timestamp="1790388036636" level="WARN" thread="main">
    <log4j:Message><![CDATA[Reference map 'yet_another_config_lib_v3.refmap.json' for yacl.mixins.json could not be read. If this is a development environment you can ignore this message]]></log4j:Message>
  </log4j:Event>
  <log4j:Event logger="FabricLoader/Mixin" timestamp="1790388036636" level="WARN" thread="main">
    <log4j:Message><![CDATA[Reference map 'yet_another_config_lib_v3.refmap.json' for yacl-fabric.mixins.json could not be read. If this is a development environment you can ignore this message]]></log4j:Message>
  </log4j:Event>
  <log4j:Event logger="Sodium-GraphicsAdapterProbe" timestamp="1790388037423" level="INFO" thread="main">
    <log4j:Message><![CDATA[Searching for graphics cards...]]></log4j:Message>
  </log4j:Event>
  <log4j:Event logger="Sodium-GraphicsAdapterProbe" timestamp="1790388037425" level="WARN" thread="main">
    <log4j:Message><![CDATA[Could not find any graphics adapters! Probably the device is not on a bus we can probe, or there are no devices supporting 3D acceleration.]]></log4j:Message>
  </log4j:Event>
  <log4j:Event logger="Sodium-Workarounds" timestamp="1790388037429" level="WARN" thread="main">
    <log4j:Message><![CDATA[Sodium has applied one or more workarounds to prevent crashes or other issues on your system: [NO_ERROR_CONTEXT_UNSUPPORTED]]]></log4j:Message>
  </log4j:Event>
  <log4j:Event logger="Sodium-Workarounds" timestamp="1790388037429" level="WARN" thread="main">
    <log4j:Message><![CDATA[This is not necessarily an issue, but it may result in certain features or optimizations being disabled. You can sometimes fix these issues by upgrading your graphics driver.]]></log4j:Message>
  </log4j:Event>
  <log4j:Event logger="FabricLoader/MixinExtras|Service" timestamp="1790388037608" level="INFO" thread="main">
    <log4j:Message><![CDATA[Initializing MixinExtras via com.llamalad7.mixinextras.service.MixinExtrasServiceImpl(version=0.5.5).]]></log4j:Message>
  </log4j:Event>
  <log4j:Event logger="com.mojang.datafixers.DataFixerBuilder" timestamp="1790388039051" level="INFO" thread="Datafixer Bootstrap">
    <log4j:Message><![CDATA[287 Datafixer optimizations took 630 milliseconds]]></log4j:Message>
  </log4j:Event>
  <log4j:Event logger="com.mojang.authlib.yggdrasil.YggdrasilAuthenticationService" timestamp="1790388044480" level="INFO" thread="Render thread">
    <log4j:Message><![CDATA[Environment: Environment[sessionHost=https://sessionserver.mojang.com, servicesHost=https://api.minecraftservices.com, profilesHost=https://api.mojang.com, name=PROD]]]></log4j:Message>
  </log4j:Event>
  <log4j:Event logger="net.minecraft.class_310" timestamp="1790388044511" level="INFO" thread="Render thread">
    <log4j:Message><![CDATA[Setting user: FreedomCI]]></log4j:Message>
  </log4j:Event>
  <log4j:Event logger="Debugify" timestamp="1790388044522" level="INFO" thread="Render thread">
    <log4j:Message><![CDATA[Enabled 100 bug fixes: [MC-577, MC-4490, MC-7569, MC-8187, MC-30391, MC-35361, MC-44654, MC-46737, MC-46766, MC-57057, MC-79545, MC-80859, MC-82263, MC-84661, MC-88371, MC-89146, MC-90683, MC-93018, MC-93384, MC-94054, MC-100991, MC-105068, MC-115092, MC-116379, MC-118740, MC-119754, MC-121706, MC-121903, MC-122477, MC-122627, MC-123450, MC-123605, MC-127970, MC-129909, MC-131562, MC-132878, MC-133218, MC-134110, MC-136249, MC-139041, MC-143474, MC-147659, MC-153010, MC-155509, MC-158900, MC-159163, MC-159283, MC-160095, MC-165306, MC-165381, MC-168573, MC-170462, MC-176559, MC-176806, MC-177381, MC-179072, MC-183990, MC-187100, MC-188359, MC-197260, MC-200418, MC-201374, MC-202637, MC-206540, MC-206922, MC-210318, MC-211561, MC-215530, MC-215531, MC-217716, MC-219981, MC-221257, MC-223153, MC-224729, MC-226961, MC-227008, MC-227337, MC-231097, MC-231743, MC-232869, MC-237493, MC-242809, MC-245394, MC-251068, MC-259512, MC-263865, MC-263999, MC-264285, MC-264979, MC-267125, MC-267376, MC-268420, MC-268617, MC-271899, MC-272431, MC-280220, MC-297837, MC-298066, MC-298225, MC-298558]]]></log4j:Message>
  </log4j:Event>
  <log4j:Event logger="Debugify" timestamp="1790388044522" level="INFO" thread="Render thread">
    <log4j:Message><![CDATA[Successfully Debugify'd your game!]]></log4j:Message>
  </log4j:Event>
  <log4j:Event logger="me.fallenbreath.fastipping.FastIpPingMod" timestamp="1790388044738" level="INFO" thread="Render thread">
    <log4j:Message><![CDATA[ping & connect fast!]]></log4j:Message>
  </log4j:Event>
  <log4j:Event logger="net.fabricmc.fabric.impl.client.indigo.Indigo" timestamp="1790388044951" level="INFO" thread="Render thread">
    <log4j:Message><![CDATA[[Indigo] Different rendering plugin detected; not applying Indigo.]]></log4j:Message>
  </log4j:Event>
  <log4j:Event logger="net.minecraft.class_310" timestamp="1790388044982" level="ERROR" thread="Download-2">
    <log4j:Message><![CDATA[Failed to fetch user properties]]></log4j:Message>
    <log4j:Throwable><![CDATA[com.mojang.authlib.exceptions.InvalidCredentialsException: Status: 401
	at knot//com.mojang.authlib.exceptions.MinecraftClientHttpException.toAuthenticationException(MinecraftClientHttpException.java:59)
	at knot//com.mojang.authlib.yggdrasil.YggdrasilUserApiService.fetchProperties(YggdrasilUserApiService.java:150)
	at knot//net.minecraft.class_310.method_55608(class_310.java:457)
	at java.base/java.util.concurrent.CompletableFuture$AsyncSupply.run(CompletableFuture.java:1768)
	at java.base/java.util.concurrent.ThreadPoolExecutor.runWorker(ThreadPoolExecutor.java:1144)
	at java.base/java.util.concurrent.ThreadPoolExecutor$Worker.run(ThreadPoolExecutor.java:642)
	at java.base/java.lang.Thread.run(Thread.java:1583)
Caused by: MinecraftClientHttpException[type=HTTP_ERROR, status=401, response=ErrorResponse[path=/player/attributes, error=null, errorMessage=null, details=null]]
	at knot//com.mojang.authlib.minecraft.client.MinecraftClient.readInputStream(MinecraftClient.java:103)
	at knot//com.mojang.authlib.minecraft.client.MinecraftClient.get(MinecraftClient.java:56)
	at knot//com.mojang.authlib.yggdrasil.YggdrasilUserApiService.fetchProperties(YggdrasilUserApiService.java:121)
	... 5 more
]]></log4j:Throwable>
  </log4j:Event>
  <log4j:Event logger="FreedomClient" timestamp="1790388045097" level="INFO" thread="Render thread">
    <log4j:Message><![CDATA[FreedomClient loaded with 75 mods]]></log4j:Message>
  </log4j:Event>
  <log4j:Event logger="net.minecraft.class_2983" timestamp="1790388045099" level="INFO" thread="Render thread">
    <log4j:Message><![CDATA[[STDOUT]: [Mouse Tweaks] Main.initialize()]]></log4j:Message>
  </log4j:Event>
  <log4j:Event logger="net.minecraft.class_2983" timestamp="1790388045100" level="INFO" thread="Render thread">
    <log4j:Message><![CDATA[[STDOUT]: [Mouse Tweaks] Generating the config file at: /tmp/fc/instances/ci/config/MouseTweaks.cfg]]></log4j:Message>
  </log4j:Event>
  <log4j:Event logger="net.minecraft.class_2983" timestamp="1790388045101" level="INFO" thread="Render thread">
    <log4j:Message><![CDATA[[STDOUT]: [Mouse Tweaks] Created the config file.]]></log4j:Message>
  </log4j:Event>
  <log4j:Event logger="net.minecraft.class_2983" timestamp="1790388045101" level="INFO" thread="Render thread">
    <log4j:Message><![CDATA[[STDOUT]: [Mouse Tweaks] Initialized.]]></log4j:Message>
  </log4j:Event>
  <log4j:Event logger="YetAnotherConfigLib" timestamp="1790388045193" level="INFO" thread="Render thread">
    <log4j:Message><![CDATA[Config file '/tmp/fc/instances/ci/config/yacl.json5' does not exist. Creating it with default values.]]></log4j:Message>
  </log4j:Event>
  <log4j:Event logger="YetAnotherConfigLib" timestamp="1790388045194" level="INFO" thread="Render thread">
    <log4j:Message><![CDATA[Serializing class dev.isxander.yacl3.platform.YACLConfig to '/tmp/fc/instances/ci/config/yacl.json5']]></log4j:Message>
  </log4j:Event>
  <log4j:Event logger="net.minecraft.class_310" timestamp="1790388045443" level="INFO" thread="Render thread">
    <log4j:Message><![CDATA[Backend library: LWJGL version 3.3.3-snapshot]]></log4j:Message>
  </log4j:Event>
  <log4j:Event logger="ImmediatelyFast" timestamp="1790388050381" level="INFO" thread="Render thread">
    <log4j:Message><![CDATA[Initializing ImmediatelyFast 1.14.3+1.21.11 on llvmpipe (LLVM 20.1.2, 256 bits) (Mesa) with OpenGL 4.5 (Core Profile) Mesa 25.2.8-0ubuntu0.24.04.2]]></log4j:Message>
  </log4j:Event>
  <log4j:Event logger="com.mojang.blaze3d.systems.RenderSystem" timestamp="1790388050382" level="INFO" thread="Render thread">
    <log4j:Message><![CDATA[OpenGL Vendor: Mesa]]></log4j:Message>
  </log4j:Event>
  <log4j:Event logger="com.mojang.blaze3d.systems.RenderSystem" timestamp="1790388050382" level="INFO" thread="Render thread">
    <log4j:Message><![CDATA[OpenGL Renderer: llvmpipe (LLVM 20.1.2, 256 bits)]]></log4j:Message>
  </log4j:Event>
  <log4j:Event logger="com.mojang.blaze3d.systems.RenderSystem" timestamp="1790388050382" level="INFO" thread="Render thread">
    <log4j:Message><![CDATA[OpenGL Version: 4.5 (Core Profile) Mesa 25.2.8-0ubuntu0.24.04.2]]></log4j:Message>
  </log4j:Event>
  <log4j:Event logger="net.minecraft.class_310" timestamp="1790388050384" level="INFO" thread="Render thread">
    <log4j:Message><![CDATA[Using optional rendering extensions: GL_ARB_buffer_storage, GL_KHR_debug, GL_ARB_vertex_attrib_binding, GL_ARB_direct_state_access, GL_EXT_texture_filter_anisotropic]]></log4j:Message>
  </log4j:Event>
  <log4j:Event logger="net.minecraft.class_4341" timestamp="1790388050975" level="INFO" thread="Download-2">
    <log4j:Message><![CDATA[Could not authorize you against Realms server: java.lang.RuntimeException: Failed to parse into SignedJWT: 0]]></log4j:Message>
  </log4j:Event>
  <log4j:Event logger="net.minecraft.class_4341" timestamp="1790388050976" level="ERROR" thread="Download-2">
    <log4j:Message><![CDATA[Failed to fetch Realms feature flags]]></log4j:Message>
    <log4j:Throwable><![CDATA[net.minecraft.class_4355: Realms authentication error with message 'java.lang.RuntimeException: Failed to parse into SignedJWT: 0'
	at knot//net.minecraft.class_4341.method_20998(class_4341.java:526)
	at knot//net.minecraft.class_4341.method_68466(class_4341.java:186)
	at java.base/java.util.concurrent.CompletableFuture$AsyncSupply.run(CompletableFuture.java:1768)
	at java.base/java.util.concurrent.ThreadPoolExecutor.runWorker(ThreadPoolExecutor.java:1144)
	at java.base/java.util.concurrent.ThreadPoolExecutor$Worker.run(ThreadPoolExecutor.java:642)
	at java.base/java.lang.Thread.run(Thread.java:1583)
]]></log4j:Throwable>
  </log4j:Event>
  <log4j:Event logger="com.mojang.text2speech.Narrator" timestamp="1790388051039" level="ERROR" thread="Render thread">
    <log4j:Message><![CDATA[Error while loading the narrator]]></log4j:Message>
    <log4j:Throwable><![CDATA[com.mojang.text2speech.Narrator$InitializeException: Failed to load library flite
	at knot//com.mojang.text2speech.NarratorLinux$FliteLibrary.loadNative(NarratorLinux.java:81)
	at knot//com.mojang.text2speech.NarratorLinux.<init>(NarratorLinux.java:18)
	at knot//com.mojang.text2speech.Narrator.getNarrator(Narrator.java:41)
	at knot//net.minecraft.class_333.<init>(class_333.java:20)
	at knot//net.minecraft.class_310.<init>(class_310.java:702)
	at knot//net.minecraft.client.main.Main.main(Main.java:234)
	at net.fabricmc.loader.impl.game.minecraft.MinecraftGameProvider.launch(MinecraftGameProvider.java:517)
	at net.fabricmc.loader.impl.launch.knot.Knot.launch(Knot.java:72)
	at net.fabricmc.loader.impl.launch.knot.KnotClient.main(KnotClient.java:23)
Caused by: java.lang.UnsatisfiedLinkError: Unable to load library 'flite':
libflite.so: cannot open shared object file: No such file or directory
libflite.so: cannot open shared object file: No such file or directory
Native library (linux-x86-64/libflite.so) not found in resource path (/tmp/fc/libraries/org/ow2/asm/asm/9.10.1/asm-9.10.1.jar:/tmp/fc/libraries/org/ow2/asm/asm-analysis/9.10.1/asm-analysis-9.10.1.jar:/tmp/fc/libraries/org/ow2/asm/asm-commons/9.10.1/asm-commons-9.10.1.jar:/tmp/fc/libraries/org/ow2/asm/asm-tree/9.10.1/asm-tree-9.10.1.jar:/tmp/fc/libraries/org/ow2/asm/asm-util/9.10.1/asm-util-9.10.1.jar:/tmp/fc/libraries/net/fabricmc/sponge-mixin/0.17.4+mixin.0.8.7/sponge-mixin-0.17.4+mixin.0.8.7.jar:/tmp/fc/libraries/net/fabricmc/intermediary/1.21.11/intermediary-1.21.11.jar:/tmp/fc/libraries/net/fabricmc/fabric-loader/0.19.5/fabric-loader-0.19.5.jar:/tmp/fc/libraries/at/yawk/lz4/lz4-java/1.8.1/lz4-java-1.8.1.jar:/tmp/fc/libraries/com/azure/azure-json/1.4.0/azure-json-1.4.0.jar:/tmp/fc/libraries/com/github/oshi/oshi-core/6.9.0/oshi-core-6.9.0.jar:/tmp/fc/libraries/com/google/code/gson/gson/2.13.2/gson-2.13.2.jar:/tmp/fc/libraries/com/google/guava/failureaccess/1.0.3/failureaccess-1.0.3.jar:/tmp/fc/libraries/com/google/guava/guava/33.5.0-jre/guava-33.5.0-jre.jar:/tmp/fc/libraries/com/ibm/icu/icu4j/77.1/icu4j-77.1.jar:/tmp/fc/libraries/com/microsoft/azure/msal4j/1.23.1/msal4j-1.23.1.jar:/tmp/fc/libraries/com/mojang/authlib/7.0.61/authlib-7.0.61.jar:/tmp/fc/libraries/com/mojang/blocklist/1.0.10/blocklist-1.0.10.jar:/tmp/fc/libraries/com/mojang/brigadier/1.3.10/brigadier-1.3.10.jar:/tmp/fc/libraries/com/mojang/datafixerupper/9.0.19/datafixerupper-9.0.19.jar:/tmp/fc/libraries/com/mojang/jtracy/1.0.37/jtracy-1.0.37.jar:/tmp/fc/libraries/com/mojang/jtracy/1.0.37/jtracy-1.0.37-natives-linux.jar:/tmp/fc/libraries/com/mojang/logging/1.6.11/logging-1.6.11.jar:/tmp/fc/libraries/com/mojang/patchy/2.2.10/patchy-2.2.10.jar:/tmp/fc/libraries/com/mojang/text2speech/1.18.11/text2speech-1.18.11.jar:/tmp/fc/libraries/commons-codec/commons-codec/1.19.0/commons-codec-1.19.0.jar:/tmp/fc/libraries/commons-io/commons-io/2.20.0/commons-io-2.20.0.jar:/tmp/fc/libraries/io/netty/netty-buffer/4.2.7.Final/netty-buffer-4.2.7.Final.jar:/tmp/fc/libraries/io/netty/netty-codec-base/4.2.7.Final/netty-codec-base-4.2.7.Final.jar:/tmp/fc/libraries/io/netty/netty-codec-compression/4.2.7.Final/netty-codec-compression-4.2.7.Final.jar:/tmp/fc/libraries/io/netty/netty-codec-http/4.2.7.Final/netty-codec-http-4.2.7.Final.jar:/tmp/fc/libraries/io/netty/netty-common/4.2.7.Final/netty-common-4.2.7.Final.jar:/tmp/fc/libraries/io/netty/netty-handler/4.2.7.Final/netty-handler-4.2.7.Final.jar:/tmp/fc/libraries/io/netty/netty-resolver/4.2.7.Final/netty-resolver-4.2.7.Final.jar:/tmp/fc/libraries/io/netty/netty-transport-classes-epoll/4.2.7.Final/netty-transport-classes-epoll-4.2.7.Final.jar:/tmp/fc/libraries/io/netty/netty-transport-classes-kqueue/4.2.7.Final/netty-transport-classes-kqueue-4.2.7.Final.jar:/tmp/fc/libraries/io/netty/netty-transport-native-epoll/4.2.7.Final/netty-transport-native-epoll-4.2.7.Final-linux-aarch_64.jar:/tmp/fc/libraries/io/netty/netty-transport-native-epoll/4.2.7.Final/netty-transport-native-epoll-4.2.7.Final-linux-x86_64.jar:/tmp/fc/libraries/io/netty/netty-transport-native-unix-common/4.2.7.Final/netty-transport-native-unix-common-4.2.7.Final.jar:/tmp/fc/libraries/io/netty/netty-transport/4.2.7.Final/netty-transport-4.2.7.Final.jar:/tmp/fc/libraries/it/unimi/dsi/fastutil/8.5.18/fastutil-8.5.18.jar:/tmp/fc/libraries/net/java/dev/jna/jna-platform/5.17.0/jna-platform-5.17.0.jar:/tmp/fc/libraries/net/java/dev/jna/jna/5.17.0/jna-5.17.0.jar:/tmp/fc/libraries/net/sf/jopt-simple/jopt-simple/5.0.4/jopt-simple-5.0.4.jar:/tmp/fc/libraries/org/apache/commons/commons-compress/1.28.0/commons-compress-1.28.0.jar:/tmp/fc/libraries/org/apache/commons/commons-lang3/3.19.0/commons-lang3-3.19.0.jar:/tmp/fc/libraries/org/apache/logging/log4j/log4j-api/2.25.2/log4j-api-2.25.2.jar:/tmp/fc/libraries/org/apache/logging/log4j/log4j-core/2.25.2/log4j-core-2.25.2.jar:/tmp/fc/libraries/org/apache/logging/log4j/log4j-slf4j2-impl/2.25.2/log4j-slf4j2-impl-2.25.2.jar:/tmp/fc/libraries/org/jcraft/jorbis/0.0.17/jorbis-0.0.17.jar:/tmp/fc/libraries/org/joml/joml/1.10.8/joml-1.10.8.jar:/tmp/fc/libraries/org/jspecify/jspecify/1.0.0/jspecify-1.0.0.jar:/tmp/fc/libraries/org/lwjgl/lwjgl-freetype/3.3.3/lwjgl-freetype-3.3.3.jar:/tmp/fc/libraries/org/lwjgl/lwjgl-freetype/3.3.3/lwjgl-freetype-3.3.3-natives-linux.jar:/tmp/fc/libraries/org/lwjgl/lwjgl-glfw/3.3.3/lwjgl-glfw-3.3.3.jar:/tmp/fc/libraries/org/lwjgl/lwjgl-glfw/3.3.3/lwjgl-glfw-3.3.3-natives-linux.jar:/tmp/fc/libraries/org/lwjgl/lwjgl-jemalloc/3.3.3/lwjgl-jemalloc-3.3.3.jar:/tmp/fc/libraries/org/lwjgl/lwjgl-jemalloc/3.3.3/lwjgl-jemalloc-3.3.3-natives-linux.jar:/tmp/fc/libraries/org/lwjgl/lwjgl-openal/3.3.3/lwjgl-openal-3.3.3.jar:/tmp/fc/libraries/org/lwjgl/lwjgl-openal/3.3.3/lwjgl-openal-3.3.3-natives-linux.jar:/tmp/fc/libraries/org/lwjgl/lwjgl-opengl/3.3.3/lwjgl-opengl-3.3.3.jar:/tmp/fc/libraries/org/lwjgl/lwjgl-opengl/3.3.3/lwjgl-opengl-3.3.3-natives-linux.jar:/tmp/fc/libraries/org/lwjgl/lwjgl-stb/3.3.3/lwjgl-stb-3.3.3.jar:/tmp/fc/libraries/org/lwjgl/lwjgl-stb/3.3.3/lwjgl-stb-3.3.3-natives-linux.jar:/tmp/fc/libraries/org/lwjgl/lwjgl-tinyfd/3.3.3/lwjgl-tinyfd-3.3.3.jar:/tmp/fc/libraries/org/lwjgl/lwjgl-tinyfd/3.3.3/lwjgl-tinyfd-3.3.3-natives-linux.jar:/tmp/fc/libraries/org/lwjgl/lwjgl/3.3.3/lwjgl-3.3.3.jar:/tmp/fc/libraries/org/lwjgl/lwjgl/3.3.3/lwjgl-3.3.3-natives-linux.jar:/tmp/fc/libraries/org/slf4j/slf4j-api/2.0.17/slf4j-api-2.0.17.jar:/tmp/fc/versions/1.21.11/1.21.11.jar)
	at knot//com.sun.jna.NativeLibrary.loadLibrary(NativeLibrary.java:325)
	at knot//com.sun.jna.NativeLibrary.getInstance(NativeLibrary.java:481)
	at knot//com.sun.jna.NativeLibrary.getInstance(NativeLibrary.java:423)
	at knot//com.mojang.text2speech.NarratorLinux$FliteLibrary.loadNative(NarratorLinux.java:79)
	... 8 more
	Suppressed: java.lang.UnsatisfiedLinkError: libflite.so: cannot open shared object file: No such file or directory
		at knot//com.sun.jna.Native.open(Native Method)
		at knot//com.sun.jna.NativeLibrary.loadLibrary(NativeLibrary.java:213)
		... 11 more
	Suppressed: java.lang.UnsatisfiedLinkError: libflite.so: cannot open shared object file: No such file or directory
		at knot//com.sun.jna.Native.open(Native Method)
		at knot//com.sun.jna.NativeLibrary.loadLibrary(NativeLibrary.java:226)
		... 11 more
	Suppressed: java.io.IOException: Native library (linux-x86-64/libflite.so) not found in resource path (/tmp/fc/libraries/org/ow2/asm/asm/9.10.1/asm-9.10.1.jar:/tmp/fc/libraries/org/ow2/asm/asm-analysis/9.10.1/asm-analysis-9.10.1.jar:/tmp/fc/libraries/org/ow2/asm/asm-commons/9.10.1/asm-commons-9.10.1.jar:/tmp/fc/libraries/org/ow2/asm/asm-tree/9.10.1/asm-tree-9.10.1.jar:/tmp/fc/libraries/org/ow2/asm/asm-util/9.10.1/asm-util-9.10.1.jar:/tmp/fc/libraries/net/fabricmc/sponge-mixin/0.17.4+mixin.0.8.7/sponge-mixin-0.17.4+mixin.0.8.7.jar:/tmp/fc/libraries/net/fabricmc/intermediary/1.21.11/intermediary-1.21.11.jar:/tmp/fc/libraries/net/fabricmc/fabric-loader/0.19.5/fabric-loader-0.19.5.jar:/tmp/fc/libraries/at/yawk/lz4/lz4-java/1.8.1/lz4-java-1.8.1.jar:/tmp/fc/libraries/com/azure/azure-json/1.4.0/azure-json-1.4.0.jar:/tmp/fc/libraries/com/github/oshi/oshi-core/6.9.0/oshi-core-6.9.0.jar:/tmp/fc/libraries/com/google/code/gson/gson/2.13.2/gson-2.13.2.jar:/tmp/fc/libraries/com/google/guava/failureaccess/1.0.3/failureaccess-1.0.3.jar:/tmp/fc/libraries/com/google/guava/guava/33.5.0-jre/guava-33.5.0-jre.jar:/tmp/fc/libraries/com/ibm/icu/icu4j/77.1/icu4j-77.1.jar:/tmp/fc/libraries/com/microsoft/azure/msal4j/1.23.1/msal4j-1.23.1.jar:/tmp/fc/libraries/com/mojang/authlib/7.0.61/authlib-7.0.61.jar:/tmp/fc/libraries/com/mojang/blocklist/1.0.10/blocklist-1.0.10.jar:/tmp/fc/libraries/com/mojang/brigadier/1.3.10/brigadier-1.3.10.jar:/tmp/fc/libraries/com/mojang/datafixerupper/9.0.19/datafixerupper-9.0.19.jar:/tmp/fc/libraries/com/mojang/jtracy/1.0.37/jtracy-1.0.37.jar:/tmp/fc/libraries/com/mojang/jtracy/1.0.37/jtracy-1.0.37-natives-linux.jar:/tmp/fc/libraries/com/mojang/logging/1.6.11/logging-1.6.11.jar:/tmp/fc/libraries/com/mojang/patchy/2.2.10/patchy-2.2.10.jar:/tmp/fc/libraries/com/mojang/text2speech/1.18.11/text2speech-1.18.11.jar:/tmp/fc/libraries/commons-codec/commons-codec/1.19.0/commons-codec-1.19.0.jar:/tmp/fc/libraries/commons-io/commons-io/2.20.0/commons-io-2.20.0.jar:/tmp/fc/libraries/io/netty/netty-buffer/4.2.7.Final/netty-buffer-4.2.7.Final.jar:/tmp/fc/libraries/io/netty/netty-codec-base/4.2.7.Final/netty-codec-base-4.2.7.Final.jar:/tmp/fc/libraries/io/netty/netty-codec-compression/4.2.7.Final/netty-codec-compression-4.2.7.Final.jar:/tmp/fc/libraries/io/netty/netty-codec-http/4.2.7.Final/netty-codec-http-4.2.7.Final.jar:/tmp/fc/libraries/io/netty/netty-common/4.2.7.Final/netty-common-4.2.7.Final.jar:/tmp/fc/libraries/io/netty/netty-handler/4.2.7.Final/netty-handler-4.2.7.Final.jar:/tmp/fc/libraries/io/netty/netty-resolver/4.2.7.Final/netty-resolver-4.2.7.Final.jar:/tmp/fc/libraries/io/netty/netty-transport-classes-epoll/4.2.7.Final/netty-transport-classes-epoll-4.2.7.Final.jar:/tmp/fc/libraries/io/netty/netty-transport-classes-kqueue/4.2.7.Final/netty-transport-classes-kqueue-4.2.7.Final.jar:/tmp/fc/libraries/io/netty/netty-transport-native-epoll/4.2.7.Final/netty-transport-native-epoll-4.2.7.Final-linux-aarch_64.jar:/tmp/fc/libraries/io/netty/netty-transport-native-epoll/4.2.7.Final/netty-transport-native-epoll-4.2.7.Final-linux-x86_64.jar:/tmp/fc/libraries/io/netty/netty-transport-native-unix-common/4.2.7.Final/netty-transport-native-unix-common-4.2.7.Final.jar:/tmp/fc/libraries/io/netty/netty-transport/4.2.7.Final/netty-transport-4.2.7.Final.jar:/tmp/fc/libraries/it/unimi/dsi/fastutil/8.5.18/fastutil-8.5.18.jar:/tmp/fc/libraries/net/java/dev/jna/jna-platform/5.17.0/jna-platform-5.17.0.jar:/tmp/fc/libraries/net/java/dev/jna/jna/5.17.0/jna-5.17.0.jar:/tmp/fc/libraries/net/sf/jopt-simple/jopt-simple/5.0.4/jopt-simple-5.0.4.jar:/tmp/fc/libraries/org/apache/commons/commons-compress/1.28.0/commons-compress-1.28.0.jar:/tmp/fc/libraries/org/apache/commons/commons-lang3/3.19.0/commons-lang3-3.19.0.jar:/tmp/fc/libraries/org/apache/logging/log4j/log4j-api/2.25.2/log4j-api-2.25.2.jar:/tmp/fc/libraries/org/apache/logging/log4j/log4j-core/2.25.2/log4j-core-2.25.2.jar:/tmp/fc/libraries/org/apache/logging/log4j/log4j-slf4j2-impl/2.25.2/log4j-slf4j2-impl-2.25.2.jar:/tmp/fc/libraries/org/jcraft/jorbis/0.0.17/jorbis-0.0.17.jar:/tmp/fc/libraries/org/joml/joml/1.10.8/joml-1.10.8.jar:/tmp/fc/libraries/org/jspecify/jspecify/1.0.0/jspecify-1.0.0.jar:/tmp/fc/libraries/org/lwjgl/lwjgl-freetype/3.3.3/lwjgl-freetype-3.3.3.jar:/tmp/fc/libraries/org/lwjgl/lwjgl-freetype/3.3.3/lwjgl-freetype-3.3.3-natives-linux.jar:/tmp/fc/libraries/org/lwjgl/lwjgl-glfw/3.3.3/lwjgl-glfw-3.3.3.jar:/tmp/fc/libraries/org/lwjgl/lwjgl-glfw/3.3.3/lwjgl-glfw-3.3.3-natives-linux.jar:/tmp/fc/libraries/org/lwjgl/lwjgl-jemalloc/3.3.3/lwjgl-jemalloc-3.3.3.jar:/tmp/fc/libraries/org/lwjgl/lwjgl-jemalloc/3.3.3/lwjgl-jemalloc-3.3.3-natives-linux.jar:/tmp/fc/libraries/org/lwjgl/lwjgl-openal/3.3.3/lwjgl-openal-3.3.3.jar:/tmp/fc/libraries/org/lwjgl/lwjgl-openal/3.3.3/lwjgl-openal-3.3.3-natives-linux.jar:/tmp/fc/libraries/org/lwjgl/lwjgl-opengl/3.3.3/lwjgl-opengl-3.3.3.jar:/tmp/fc/libraries/org/lwjgl/lwjgl-opengl/3.3.3/lwjgl-opengl-3.3.3-natives-linux.jar:/tmp/fc/libraries/org/lwjgl/lwjgl-stb/3.3.3/lwjgl-stb-3.3.3.jar:/tmp/fc/libraries/org/lwjgl/lwjgl-stb/3.3.3/lwjgl-stb-3.3.3-natives-linux.jar:/tmp/fc/libraries/org/lwjgl/lwjgl-tinyfd/3.3.3/lwjgl-tinyfd-3.3.3.jar:/tmp/fc/libraries/org/lwjgl/lwjgl-tinyfd/3.3.3/lwjgl-tinyfd-3.3.3-natives-linux.jar:/tmp/fc/libraries/org/lwjgl/lwjgl/3.3.3/lwjgl-3.3.3.jar:/tmp/fc/libraries/org/lwjgl/lwjgl/3.3.3/lwjgl-3.3.3-natives-linux.jar:/tmp/fc/libraries/org/slf4j/slf4j-api/2.0.17/slf4j-api-2.0.17.jar:/tmp/fc/versions/1.21.11/1.21.11.jar)
		at knot//com.sun.jna.Native.extractFromResourcePath(Native.java:1141)
		at knot//com.sun.jna.NativeLibrary.loadLibrary(NativeLibrary.java:297)
		... 11 more
]]></log4j:Throwable>
  </log4j:Event>
  <log4j:Event logger="net.minecraft.class_3304" timestamp="1790388051090" level="INFO" thread="Render thread">
    <log4j:Message><![CDATA[Reloading ResourceManager: vanilla, continuity, debugify, fabric-api, fabric-api-base, fabric-api-lookup-api-v1, fabric-biome-api-v1, fabric-block-api-v1, fabric-block-view-api-v2, fabric-command-api-v2, fabric-content-registries-v0, fabric-convention-tags-v1, fabric-convention-tags-v2, fabric-crash-report-info-v1, fabric-data-attachment-api-v1, fabric-data-generation-api-v1, fabric-dimensions-v1, fabric-entity-events-v1, fabric-events-interaction-v0, fabric-game-rule-api-v1, fabric-item-api-v1, fabric-item-group-api-v1, fabric-key-binding-api-v1, fabric-lifecycle-events-v1, fabric-loot-api-v2, fabric-loot-api-v3, fabric-message-api-v1, fabric-model-loading-api-v1, fabric-networking-api-v1, fabric-object-builder-api-v1, fabric-particles-v1, fabric-recipe-api-v1, fabric-registry-sync-v0, fabric-renderer-api-v1, fabric-renderer-indigo, fabric-rendering-fluids-v1, fabric-rendering-v1, fabric-resource-conditions-api-v1, fabric-resource-loader-v0, fabric-resource-loader-v1, fabric-screen-api-v1, fabric-screen-handler-api-v1, fabric-serialization-api-v1, fabric-sound-api-v1, fabric-tag-api-v1, fabric-transfer-api-v1, fabric-transitive-access-wideners-v1, fabricloader, freedomclient, immediatelyfast, lithium, sodium, yet_another_config_lib_v3, freedomclient:bettergrass]]></log4j:Message>
  </log4j:Event>
  <log4j:Event logger="net.minecraft.class_391" timestamp="1790388051514" level="INFO" thread="Worker-Main-16">
    <log4j:Message><![CDATA[Found unifont_all_no_pua-17.0.01.hex, loading]]></log4j:Message>
  </log4j:Event>
  <log4j:Event logger="net.minecraft.class_391" timestamp="1790388051688" level="INFO" thread="Worker-Main-16">
    <log4j:Message><![CDATA[Found unifont_jp_patch-17.0.01.hex, loading]]></log4j:Message>
  </log4j:Event>
  <log4j:Event logger="net.minecraft.class_391" timestamp="1790388051704" level="INFO" thread="Worker-Main-16">
    <log4j:Message><![CDATA[Found unifont_pua-17.0.01.hex, loading]]></log4j:Message>
  </log4j:Event>
ALSA lib confmisc.c:855:(parse_card) cannot find card '0'
ALSA lib conf.c:5208:(_snd_config_evaluate) function snd_func_card_inum returned error: No such file or directory
ALSA lib confmisc.c:422:(snd_func_concat) error evaluating strings
ALSA lib conf.c:5208:(_snd_config_evaluate) function snd_func_concat returned error: No such file or directory
ALSA lib confmisc.c:1342:(snd_func_refer) error evaluating name
ALSA lib conf.c:5208:(_snd_config_evaluate) function snd_func_refer returned error: No such file or directory
ALSA lib conf.c:5731:(snd_config_expand) Evaluate error: No such file or directory
ALSA lib pcm.c:2721:(snd_pcm_open_noupdate) Unknown PCM default
ALSA lib confmisc.c:855:(parse_card) cannot find card '0'
ALSA lib conf.c:5208:(_snd_config_evaluate) function snd_func_card_inum returned error: No such file or directory
ALSA lib confmisc.c:422:(snd_func_concat) error evaluating strings
ALSA lib conf.c:5208:(_snd_config_evaluate) function snd_func_concat returned error: No such file or directory
ALSA lib confmisc.c:1342:(snd_func_refer) error evaluating name
ALSA lib conf.c:5208:(_snd_config_evaluate) function snd_func_refer returned error: No such file or directory
ALSA lib conf.c:5731:(snd_config_expand) Evaluate error: No such file or directory
ALSA lib pcm.c:2721:(snd_pcm_open_noupdate) Unknown PCM default
  <log4j:Event logger="net.minecraft.class_1140" timestamp="1790388054859" level="ERROR" thread="Render thread">
    <log4j:Message><![CDATA[Error starting SoundSystem. Turning off sounds & music]]></log4j:Message>
    <log4j:Throwable><![CDATA[java.lang.IllegalStateException: Failed to open OpenAL device
	at knot//net.minecraft.class_4225.method_38501(class_4225.java:292)
	at knot//net.minecraft.class_4225.method_19661(class_4225.java:150)
	at knot//net.minecraft.class_1140.method_4846(class_1140.java:119)
	at knot//net.minecraft.class_1140.method_4837(class_1140.java:109)
	at knot//net.minecraft.class_1144.method_18182(class_1144.java:122)
	at knot//net.minecraft.class_1144.method_18788(class_1144.java:41)
	at knot//net.minecraft.class_4080.method_18790(class_4080.java:15)
	at java.base/java.util.concurrent.CompletableFuture$UniAccept.tryFire(CompletableFuture.java:718)
	at java.base/java.util.concurrent.CompletableFuture$Completion.run(CompletableFuture.java:482)
	at knot//net.minecraft.class_4014.method_67574(class_4014.java:59)
	at knot//net.minecraft.class_1255.method_18859(class_1255.java:169)
	at knot//net.minecraft.class_4093.method_18859(class_4093.java:23)
	at knot//net.minecraft.class_1255.method_16075(class_1255.java:143)
	at knot//net.minecraft.class_1255.method_5383(class_1255.java:124)
	at knot//net.minecraft.class_310.method_1523(class_310.java:1339)
	at knot//net.minecraft.class_310.method_1514(class_310.java:966)
	at knot//net.minecraft.client.main.Main.main(Main.java:250)
	at net.fabricmc.loader.impl.game.minecraft.MinecraftGameProvider.launch(MinecraftGameProvider.java:517)
	at net.fabricmc.loader.impl.launch.knot.Knot.launch(Knot.java:72)
	at net.fabricmc.loader.impl.launch.knot.KnotClient.main(KnotClient.java:23)
]]></log4j:Throwable>
  </log4j:Event>
  <log4j:Event logger="net.minecraft.class_1059" timestamp="1790388054860" level="INFO" thread="Render thread">
    <log4j:Message><![CDATA[Created: 512x256x0 minecraft:textures/atlas/particles.png-atlas]]></log4j:Message>
  </log4j:Event>
  <log4j:Event logger="net.minecraft.class_1059" timestamp="1790388055096" level="INFO" thread="Render thread">
    <log4j:Message><![CDATA[Created: 128x128x0 minecraft:textures/atlas/decorated_pot.png-atlas]]></log4j:Message>
  </log4j:Event>
  <log4j:Event logger="net.minecraft.class_1059" timestamp="1790388055098" level="INFO" thread="Render thread">
    <log4j:Message><![CDATA[Created: 2048x1024x0 minecraft:textures/atlas/armor_trims.png-atlas]]></log4j:Message>
  </log4j:Event>
  <log4j:Event logger="net.minecraft.class_1059" timestamp="1790388055127" level="INFO" thread="Render thread">
    <log4j:Message><![CDATA[Created: 512x256x0 minecraft:textures/atlas/paintings.png-atlas]]></log4j:Message>
  </log4j:Event>
  <log4j:Event logger="net.minecraft.class_1059" timestamp="1790388055148" level="INFO" thread="Render thread">
    <log4j:Message><![CDATA[Created: 1024x512x0 minecraft:textures/atlas/shield_patterns.png-atlas]]></log4j:Message>
  </log4j:Event>
  <log4j:Event logger="net.minecraft.class_1059" timestamp="1790388055151" level="INFO" thread="Render thread">
    <log4j:Message><![CDATA[Created: 1024x1024x2 minecraft:textures/atlas/blocks.png-atlas]]></log4j:Message>
  </log4j:Event>
  <log4j:Event logger="net.minecraft.class_1059" timestamp="1790388055346" level="INFO" thread="Render thread">
    <log4j:Message><![CDATA[Created: 512x512x0 minecraft:textures/atlas/chest.png-atlas]]></log4j:Message>
  </log4j:Event>
  <log4j:Event logger="net.minecraft.class_1059" timestamp="1790388055347" level="INFO" thread="Render thread">
    <log4j:Message><![CDATA[Created: 256x128x0 minecraft:textures/atlas/celestials.png-atlas]]></log4j:Message>
  </log4j:Event>
  <log4j:Event logger="net.minecraft.class_1059" timestamp="1790388055348" level="INFO" thread="Render thread">
    <log4j:Message><![CDATA[Created: 1024x512x0 minecraft:textures/atlas/banner_patterns.png-atlas]]></log4j:Message>
  </log4j:Event>
  <log4j:Event logger="net.minecraft.class_1059" timestamp="1790388055349" level="INFO" thread="Render thread">
    <log4j:Message><![CDATA[Created: 512x512x0 minecraft:textures/atlas/beds.png-atlas]]></log4j:Message>
  </log4j:Event>
  <log4j:Event logger="net.minecraft.class_1059" timestamp="1790388055350" level="INFO" thread="Render thread">
    <log4j:Message><![CDATA[Created: 1024x512x0 minecraft:textures/atlas/items.png-atlas]]></log4j:Message>
  </log4j:Event>
  <log4j:Event logger="net.minecraft.class_1059" timestamp="1790388055363" level="INFO" thread="Render thread">
    <log4j:Message><![CDATA[Created: 1024x1024x0 minecraft:textures/atlas/gui.png-atlas]]></log4j:Message>
  </log4j:Event>
  <log4j:Event logger="net.minecraft.class_1059" timestamp="1790388055375" level="INFO" thread="Render thread">
    <log4j:Message><![CDATA[Created: 128x64x0 minecraft:textures/atlas/map_decorations.png-atlas]]></log4j:Message>
  </log4j:Event>
  <log4j:Event logger="net.minecraft.class_1059" timestamp="1790388055376" level="INFO" thread="Render thread">
    <log4j:Message><![CDATA[Created: 512x256x0 minecraft:textures/atlas/signs.png-atlas]]></log4j:Message>
  </log4j:Event>
  <log4j:Event logger="net.minecraft.class_1059" timestamp="1790388055377" level="INFO" thread="Render thread">
    <log4j:Message><![CDATA[Created: 512x512x0 minecraft:textures/atlas/shulker_boxes.png-atlas]]></log4j:Message>
  </log4j:Event>
